Archive member included to satisfy reference by file (symbol)

c:/program files (x86)/atmel/studio/7.0/toolchain/arm/arm-gnu-toolchain/bin/../lib/gcc/arm-none-eabi/5.3.1/armv7-m\libgcc.a(_arm_addsubdf3.o)
                              src/Platform/Driver/D_SYS/D_SYS.o (__aeabi_i2d)
c:/program files (x86)/atmel/studio/7.0/toolchain/arm/arm-gnu-toolchain/bin/../lib/gcc/arm-none-eabi/5.3.1/armv7-m\libgcc.a(_arm_fixunsdfsi.o)
                              src/Platform/Driver/D_SYS/D_SYS.o (__aeabi_d2uiz)
c:/program files (x86)/atmel/studio/7.0/toolchain/arm/arm-gnu-toolchain/bin/../lib/gcc/arm-none-eabi/5.3.1/../../../../arm-none-eabi/lib/armv7-m\libc.a(lib_a-exit.o)
                              c:/program files (x86)/atmel/studio/7.0/toolchain/arm/arm-gnu-toolchain/bin/../lib/gcc/arm-none-eabi/5.3.1/../../../../arm-none-eabi/lib/armv7-m/crt0.o (exit)
c:/program files (x86)/atmel/studio/7.0/toolchain/arm/arm-gnu-toolchain/bin/../lib/gcc/arm-none-eabi/5.3.1/../../../../arm-none-eabi/lib/armv7-m\libc.a(lib_a-impure.o)
                              c:/program files (x86)/atmel/studio/7.0/toolchain/arm/arm-gnu-toolchain/bin/../lib/gcc/arm-none-eabi/5.3.1/../../../../arm-none-eabi/lib/armv7-m\libc.a(lib_a-exit.o) (_global_impure_ptr)
c:/program files (x86)/atmel/studio/7.0/toolchain/arm/arm-gnu-toolchain/bin/../lib/gcc/arm-none-eabi/5.3.1/../../../../arm-none-eabi/lib/armv7-m\libc.a(lib_a-init.o)
                              c:/program files (x86)/atmel/studio/7.0/toolchain/arm/arm-gnu-toolchain/bin/../lib/gcc/arm-none-eabi/5.3.1/../../../../arm-none-eabi/lib/armv7-m/crt0.o (__libc_init_array)
c:/program files (x86)/atmel/studio/7.0/toolchain/arm/arm-gnu-toolchain/bin/../lib/gcc/arm-none-eabi/5.3.1/../../../../arm-none-eabi/lib/armv7-m\libc.a(lib_a-iprintf.o)
                              src/ASF/sam/drivers/adc/adc.o (iprintf)
c:/program files (x86)/atmel/studio/7.0/toolchain/arm/arm-gnu-toolchain/bin/../lib/gcc/arm-none-eabi/5.3.1/../../../../arm-none-eabi/lib/armv7-m\libc.a(lib_a-memset.o)
                              c:/program files (x86)/atmel/studio/7.0/toolchain/arm/arm-gnu-toolchain/bin/../lib/gcc/arm-none-eabi/5.3.1/../../../../arm-none-eabi/lib/armv7-m/crt0.o (memset)
c:/program files (x86)/atmel/studio/7.0/toolchain/arm/arm-gnu-toolchain/bin/../lib/gcc/arm-none-eabi/5.3.1/../../../../arm-none-eabi/lib/armv7-m\libc.a(lib_a-puts.o)
                              src/ASF/sam/drivers/adc/adc.o (puts)
c:/program files (x86)/atmel/studio/7.0/toolchain/arm/arm-gnu-toolchain/bin/../lib/gcc/arm-none-eabi/5.3.1/../../../../arm-none-eabi/lib/armv7-m\libc.a(lib_a-setbuf.o)
                              src/CPU3.o (setbuf)
c:/program files (x86)/atmel/studio/7.0/toolchain/arm/arm-gnu-toolchain/bin/../lib/gcc/arm-none-eabi/5.3.1/../../../../arm-none-eabi/lib/armv7-m\libc.a(lib_a-setvbuf.o)
                              c:/program files (x86)/atmel/studio/7.0/toolchain/arm/arm-gnu-toolchain/bin/../lib/gcc/arm-none-eabi/5.3.1/../../../../arm-none-eabi/lib/armv7-m\libc.a(lib_a-setbuf.o) (setvbuf)
c:/program files (x86)/atmel/studio/7.0/toolchain/arm/arm-gnu-toolchain/bin/../lib/gcc/arm-none-eabi/5.3.1/../../../../arm-none-eabi/lib/armv7-m\libc.a(lib_a-strlen-stub.o)
                              c:/program files (x86)/atmel/studio/7.0/toolchain/arm/arm-gnu-toolchain/bin/../lib/gcc/arm-none-eabi/5.3.1/../../../../arm-none-eabi/lib/armv7-m\libc.a(lib_a-puts.o) (strlen)
c:/program files (x86)/atmel/studio/7.0/toolchain/arm/arm-gnu-toolchain/bin/../lib/gcc/arm-none-eabi/5.3.1/../../../../arm-none-eabi/lib/armv7-m\libc.a(lib_a-vfiprintf.o)
                              c:/program files (x86)/atmel/studio/7.0/toolchain/arm/arm-gnu-toolchain/bin/../lib/gcc/arm-none-eabi/5.3.1/../../../../arm-none-eabi/lib/armv7-m\libc.a(lib_a-iprintf.o) (_vfiprintf_r)
c:/program files (x86)/atmel/studio/7.0/toolchain/arm/arm-gnu-toolchain/bin/../lib/gcc/arm-none-eabi/5.3.1/../../../../arm-none-eabi/lib/armv7-m\libc.a(lib_a-wsetup.o)
                              c:/program files (x86)/atmel/studio/7.0/toolchain/arm/arm-gnu-toolchain/bin/../lib/gcc/arm-none-eabi/5.3.1/../../../../arm-none-eabi/lib/armv7-m\libc.a(lib_a-vfiprintf.o) (__swsetup_r)
c:/program files (x86)/atmel/studio/7.0/toolchain/arm/arm-gnu-toolchain/bin/../lib/gcc/arm-none-eabi/5.3.1/../../../../arm-none-eabi/lib/armv7-m\libc.a(lib_a-__call_atexit.o)
                              c:/program files (x86)/atmel/studio/7.0/toolchain/arm/arm-gnu-toolchain/bin/../lib/gcc/arm-none-eabi/5.3.1/../../../../arm-none-eabi/lib/armv7-m\libc.a(lib_a-exit.o) (__call_exitprocs)
c:/program files (x86)/atmel/studio/7.0/toolchain/arm/arm-gnu-toolchain/bin/../lib/gcc/arm-none-eabi/5.3.1/../../../../arm-none-eabi/lib/armv7-m\libc.a(lib_a-atexit.o)
                              c:/program files (x86)/atmel/studio/7.0/toolchain/arm/arm-gnu-toolchain/bin/../lib/gcc/arm-none-eabi/5.3.1/../../../../arm-none-eabi/lib/armv7-m\libc.a(lib_a-__call_atexit.o) (atexit)
[...]
Memory Configuration

Name             Origin             Length             Attributes
rom              0x00080000         0x00080000         xr
sram0            0x20000000         0x00010000         xrw
sram1            0x20080000         0x00008000         xrw
ram              0x20070000         0x00018000         xrw
*default*        0x00000000         0xffffffff

Linker script and memory map

LOAD c:/program files (x86)/atmel/studio/7.0/toolchain/arm/arm-gnu-toolchain/bin/../lib/gcc/arm-none-eabi/5.3.1/armv7-m/crti.o
LOAD c:/program files (x86)/atmel/studio/7.0/toolchain/arm/arm-gnu-toolchain/bin/../lib/gcc/arm-none-eabi/5.3.1/armv7-m/crtbegin.o
LOAD c:/program files (x86)/atmel/studio/7.0/toolchain/arm/arm-gnu-toolchain/bin/../lib/gcc/arm-none-eabi/5.3.1/../../../../arm-none-eabi/lib/armv7-m/crt0.o
LOAD src/Platform/Driver/ADC/D_ADC.o
LOAD src/Platform/Driver/CLOCK/D_CLOCK.o
LOAD src/Platform/Driver/DD_CAN/D_CAN.o
LOAD src/Platform/Driver/D_SYS/D_SYS.o
LOAD src/Platform/Driver/GPIO/D_GPIO.o
LOAD src/Platform/Driver/HANDLER/D_HANDLER.o
LOAD src/Platform/Driver/IIC/D_IIC.o
LOAD src/Platform/Driver/INT/D_INT.o
LOAD src/Platform/Driver/PWM/D_PWM.o
LOAD src/Platform/Driver/TIMER/D_TIMER.o
LOAD src/Platform/Service/CNTRL/S_CNTRL.o
LOAD src/Platform/Service/console/console_callback.o
LOAD src/Platform/Service/STATUS/S_STUS.o
LOAD src/Platform/Service/SYS/S_SYS.o
LOAD src/Platform/Service/TIMER/S_TIMER.o
LOAD src/ASF/common/services/serial/usart_serial.o
LOAD src/ASF/common/utils/stdio/read.o
LOAD src/ASF/common/utils/stdio/write.o
LOAD src/ASF/sam/drivers/adc/adc.o
LOAD src/ASF/sam/drivers/adc/adc_sam3u.o
LOAD src/ASF/sam/drivers/pwm/pwm.o
LOAD src/ASF/sam/drivers/tc/tc.o
LOAD src/ASF/sam/drivers/twi/twi.o
LOAD src/ASF/sam/drivers/uart/uart.o
LOAD src/ASF/sam/drivers/usart/usart.o
LOAD src/CPU3.o
LOAD src/ASF/common/services/clock/sam3x/sysclk.o
LOAD src/ASF/common/utils/interrupt/interrupt_sam_nvic.o
LOAD src/ASF/sam/boards/arduino_due_x/init.o
LOAD src/ASF/sam/drivers/pio/pio.o
LOAD src/ASF/sam/drivers/pio/pio_handler.o
LOAD src/ASF/sam/drivers/pmc/pmc.o
LOAD src/ASF/sam/drivers/pmc/sleep.o
LOAD src/ASF/sam/utils/cmsis/sam3x/source/templates/exceptions.o
LOAD src/ASF/sam/utils/cmsis/sam3x/source/templates/gcc/startup_sam3x.o
LOAD src/ASF/sam/utils/cmsis/sam3x/source/templates/system_sam3x.o
LOAD src/ASF/sam/utils/syscalls/gcc/syscalls.o
START GROUP
LOAD ../src/ASF/thirdparty/CMSIS/Lib/GCC\libarm_cortexM3l_math.a
LOAD c:/program files (x86)/atmel/studio/7.0/toolchain/arm/arm-gnu-toolchain/bin/../lib/gcc/arm-none-eabi/5.3.1/../../../../arm-none-eabi/lib/armv7-m\libm.a
END GROUP
START GROUP
LOAD c:/program files (x86)/atmel/studio/7.0/toolchain/arm/arm-gnu-toolchain/bin/../lib/gcc/arm-none-eabi/5.3.1/armv7-m\libgcc.a
LOAD c:/program files (x86)/atmel/studio/7.0/toolchain/arm/arm-gnu-toolchain/bin/../lib/gcc/arm-none-eabi/5.3.1/../../../../arm-none-eabi/lib/armv7-m\libc.a
END GROUP
LOAD c:/program files (x86)/atmel/studio/7.0/toolchain/arm/arm-gnu-toolchain/bin/../lib/gcc/arm-none-eabi/5.3.1/armv7-m/crtend.o
LOAD c:/program files (x86)/atmel/studio/7.0/toolchain/arm/arm-gnu-toolchain/bin/../lib/gcc/arm-none-eabi/5.3.1/armv7-m/crtn.o
                0x00002000                __stack_size__ = DEFINED (__stack_size__)?__stack_size__:0x2000

.text           0x00080000     0x6e64
                0x00080000                . = ALIGN (0x4)
                0x00080000                _sfixed = .
 *(.vectors .vectors.*)
 .vectors       0x00080000       0xf4 src/ASF/sam/utils/cmsis/sam3x/source/templates/gcc/startup_sam3x.o
                0x00080000                exception_table
 *(.text .text.* .gnu.linkonce.t.*)
 .text          0x000800f4       0x5c c:/program files (x86)/atmel/studio/7.0/toolchain/arm/arm-gnu-toolchain/bin/../lib/gcc/arm-none-eabi/5.3.1/armv7-m/crtbegin.o
 .text.CPU3_D_INIT_CLOCK
                0x00080150       0x34 src/Platform/Driver/CLOCK/D_CLOCK.o
                0x00080150                CPU3_D_INIT_CLOCK
 .text.NVIC_EnableIRQ
                0x00080184       0x30 src/Platform/Driver/DD_CAN/D_CAN.o
 .text.CAN0_Handler
                0x000801b4       0x60 src/Platform/Driver/DD_CAN/D_CAN.o
                0x000801b4                CAN0_Handler
 .text.dd_can_extract_mailbox_data
                0x00080214      0x2b8 src/Platform/Driver/DD_CAN/D_CAN.o
 .text.dd_can_mailbox_read
                0x000804cc       0xd0 src/Platform/Driver/DD_CAN/D_CAN.o
 .text.dd_can_mailbox_write
                0x0008059c       0xbc src/Platform/Driver/DD_CAN/D_CAN.o
                0x0008059c                dd_can_mailbox_write
 .text.dd_can_global_send_transfer_cmd
                0x00080658       0x2c src/Platform/Driver/DD_CAN/D_CAN.o
                0x00080658                dd_can_global_send_transfer_cmd
 .text.dd_can_mailbox_conf
                0x00080684       0xf0 src/Platform/Driver/DD_CAN/D_CAN.o
                0x00080684                dd_can_mailbox_conf
 .text.DD_INIT_CAN
                0x00080774      0x158 src/Platform/Driver/DD_CAN/D_CAN.o
                0x00080774                DD_INIT_CAN
 .text.CPU3_D_SET_PUMP
                0x000808cc       0x74 src/Platform/Driver/D_SYS/D_SYS.o
                0x000808cc                CPU3_D_SET_PUMP
 .text.CPU3_D_CONFIG_TIMER
                0x00080940       0xb8 src/Platform/Driver/D_SYS/D_SYS.o
                0x00080940                CPU3_D_CONFIG_TIMER
 .text.CPU3_D_STOP_TIMER
                0x000809f8       0x7c src/Platform/Driver/D_SYS/D_SYS.o
                0x000809f8                CPU3_D_STOP_TIMER
 .text.CPU3_D_INIT_PIO
                0x00080a74      0x138 src/Platform/Driver/GPIO/D_GPIO.o
                0x00080a74                CPU3_D_INIT_PIO
 .text.NVIC_ClearPendingIRQ
                0x00080bac       0x34 src/Platform/Driver/HANDLER/D_HANDLER.o
 .text.TC0_Handler
                0x00080be0      0x174 src/Platform/Driver/HANDLER/D_HANDLER.o
                0x00080be0                TC0_Handler
 .text.TC1_Handler
                0x00080d54       0xe8 src/Platform/Driver/HANDLER/D_HANDLER.o
                0x00080d54                TC1_Handler
 .text.TC2_Handler
                0x00080e3c       0x30 src/Platform/Driver/HANDLER/D_HANDLER.o
                0x00080e3c                TC2_Handler
 .text.TC3_Handler
                0x00080e6c       0x30 src/Platform/Driver/HANDLER/D_HANDLER.o
                0x00080e6c                TC3_Handler
 .text.TC7_Handler
                0x00080e9c       0x30 src/Platform/Driver/HANDLER/D_HANDLER.o
                0x00080e9c                TC7_Handler
 .text.TC6_Handler
                0x00080ecc       0xd0 src/Platform/Driver/HANDLER/D_HANDLER.o
                0x00080ecc                TC6_Handler
 .text.NVIC_EnableIRQ
                0x00080f9c       0x30 src/Platform/Driver/INT/D_INT.o
 .text.NVIC_DisableIRQ
                0x00080fcc       0x34 src/Platform/Driver/INT/D_INT.o
 .text.NVIC_ClearPendingIRQ
                0x00081000       0x34 src/Platform/Driver/INT/D_INT.o
 .text.NVIC_SetPriority
                0x00081034       0x54 src/Platform/Driver/INT/D_INT.o
 .text.CPU3_D_INIT_INT
                0x00081088       0xe4 src/Platform/Driver/INT/D_INT.o
                0x00081088                CPU3_D_INIT_INT
 .text.CPU3_D_INIT_PWM
                0x0008116c       0x64 src/Platform/Driver/PWM/D_PWM.o
                0x0008116c                CPU3_D_INIT_PWM
 .text.CPU3_D_INIT_TIMER
                0x000811d0       0xa0 src/Platform/Driver/TIMER/D_TIMER.o
                0x000811d0                CPU3_D_INIT_TIMER
 .text.CPU3_D_MAIN_TIMER
                0x00081270       0x5c src/Platform/Driver/TIMER/D_TIMER.o
                0x00081270                CPU3_D_MAIN_TIMER
 .text.acid_startTimer1
                0x000812cc       0x70 src/Platform/Driver/TIMER/D_TIMER.o
                0x000812cc                acid_startTimer1
 .text.bicar_startTimer1
                0x0008133c       0x70 src/Platform/Driver/TIMER/D_TIMER.o
                0x0008133c                bicar_startTimer1
 .text.startTimer1
                0x000813ac       0x74 src/Platform/Driver/TIMER/D_TIMER.o
                0x000813ac                startTimer1
 .text.startTimer2
                0x00081420       0x70 src/Platform/Driver/TIMER/D_TIMER.o
                0x00081420                startTimer2
 .text.cpu3_sv_cntrl_activatepump
                0x00081490       0x20 src/Platform/Service/CNTRL/S_CNTRL.o
                0x00081490                cpu3_sv_cntrl_activatepump
 .text.SV_put_sensor_data
                0x000814b0       0x44 src/Platform/Service/STATUS/S_STUS.o
                0x000814b0                SV_put_sensor_data
 .text.SV_SEND_CAN_MAILBOX
                0x000814f4       0x88 src/Platform/Service/STATUS/S_STUS.o
                0x000814f4                SV_SEND_CAN_MAILBOX
 .text.CPU3_S_SYSTEM_INIT
                0x0008157c       0x48 src/Platform/Service/SYS/S_SYS.o
                0x0008157c                CPU3_S_SYSTEM_INIT
 .text.CPU3_S_START_TIMER
                0x000815c4       0x28 src/Platform/Service/TIMER/S_TIMER.o
                0x000815c4                CPU3_S_START_TIMER
 .text.CPU3_S_STOP_TIMER
                0x000815ec       0x20 src/Platform/Service/TIMER/S_TIMER.o
                0x000815ec                CPU3_S_STOP_TIMER
 .text._read    0x0008160c       0x54 src/ASF/common/utils/stdio/read.o
                0x0008160c                _read
 .text._write   0x00081660       0x6c src/ASF/common/utils/stdio/write.o
                0x00081660                _write
 .text.tc_init  0x000816cc       0x38 src/ASF/sam/drivers/tc/tc.o
                0x000816cc                tc_init
 .text.tc_start
                0x00081704       0x20 src/ASF/sam/drivers/tc/tc.o
                0x00081704                tc_start
 .text.tc_stop  0x00081724       0x20 src/ASF/sam/drivers/tc/tc.o
                0x00081724                tc_stop
 .text.tc_write_rc
                0x00081744       0x24 src/ASF/sam/drivers/tc/tc.o
                0x00081744                tc_write_rc
 .text.tc_enable_interrupt
                0x00081768       0x28 src/ASF/sam/drivers/tc/tc.o
                0x00081768                tc_enable_interrupt
 .text.tc_get_status
                0x00081790       0x24 src/ASF/sam/drivers/tc/tc.o
                0x00081790                tc_get_status
 .text.uart_init
                0x000817b4       0x60 src/ASF/sam/drivers/uart/uart.o
                0x000817b4                uart_init
 .text.uart_enable_tx
                0x00081814       0x18 src/ASF/sam/drivers/uart/uart.o
                0x00081814                uart_enable_tx
 .text.uart_enable_rx
                0x0008182c       0x18 src/ASF/sam/drivers/uart/uart.o
                0x0008182c                uart_enable_rx
 .text.uart_enable
                0x00081844       0x18 src/ASF/sam/drivers/uart/uart.o
                0x00081844                uart_enable
 .text.uart_enable_interrupt
                0x0008185c       0x1c src/ASF/sam/drivers/uart/uart.o
                0x0008185c                uart_enable_interrupt
 .text.uart_write
                0x00081878       0x30 src/ASF/sam/drivers/uart/uart.o
                0x00081878                uart_write
 .text.uart_read
                0x000818a8       0x30 src/ASF/sam/drivers/uart/uart.o
                0x000818a8                uart_read
 .text.usart_set_async_baudrate
                0x000818d8       0x88 src/ASF/sam/drivers/usart/usart.o
 .text.usart_reset
                0x00081960       0x54 src/ASF/sam/drivers/usart/usart.o
                0x00081960                usart_reset
 .text.usart_init_rs232
                0x000819b4       0x84 src/ASF/sam/drivers/usart/usart.o
                0x000819b4                usart_init_rs232
 .text.usart_enable_tx
                0x00081a38       0x18 src/ASF/sam/drivers/usart/usart.o
                0x00081a38                usart_enable_tx
 .text.usart_reset_tx
                0x00081a50       0x18 src/ASF/sam/drivers/usart/usart.o
                0x00081a50                usart_reset_tx
 .text.usart_enable_rx
                0x00081a68       0x18 src/ASF/sam/drivers/usart/usart.o
                0x00081a68                usart_enable_rx
 .text.usart_reset_rx
                0x00081a80       0x18 src/ASF/sam/drivers/usart/usart.o
                0x00081a80                usart_reset_rx
 .text.usart_reset_status
                0x00081a98       0x1c src/ASF/sam/drivers/usart/usart.o
                0x00081a98                usart_reset_status
 .text.usart_drive_RTS_pin_high
                0x00081ab4       0x1c src/ASF/sam/drivers/usart/usart.o
                0x00081ab4                usart_drive_RTS_pin_high
 .text.usart_write
                0x00081ad0       0x30 src/ASF/sam/drivers/usart/usart.o
                0x00081ad0                usart_write
 .text.usart_read
                0x00081b00       0x34 src/ASF/sam/drivers/usart/usart.o
                0x00081b00                usart_read
 .text.usart_disable_writeprotect
                0x00081b34       0x20 src/ASF/sam/drivers/usart/usart.o
                0x00081b34                usart_disable_writeprotect
 .text.NVIC_EnableIRQ
                0x00081b54       0x30 src/CPU3.o
 .text.NVIC_DisableIRQ
                0x00081b84       0x34 src/CPU3.o
 .text.NVIC_ClearPendingIRQ
                0x00081bb8       0x34 src/CPU3.o
 .text.NVIC_SetPriority
                0x00081bec       0x54 src/CPU3.o
 .text.osc_get_rate
                0x00081c40       0x74 src/CPU3.o
 .text.sysclk_get_main_hz
                0x00081cb4       0x1c src/CPU3.o
 .text.sysclk_get_peripheral_hz
                0x00081cd0       0x14 src/CPU3.o
 .text.sysclk_enable_peripheral_clock
                0x00081ce4       0x1c src/CPU3.o
 .text.usart_serial_init
                0x00081d00      0x138 src/CPU3.o
 .text.usart_serial_putchar
                0x00081e38       0xc8 src/CPU3.o
 .text.usart_serial_getchar
                0x00081f00       0xdc src/CPU3.o
 .text.stdio_serial_init
                0x00081fdc       0x68 src/CPU3.o
 .text.UART_Handler
                0x00082044       0xd4 src/CPU3.o
                0x00082044                UART_Handler
 .text.main     0x00082118      0x704 src/CPU3.o
                0x00082118                main
 .text.start_acidpump
                0x0008281c       0xac src/CPU3.o
                0x0008281c                start_acidpump
 .text.start_pump
                0x000828c8      0x114 src/CPU3.o
                0x000828c8                start_pump
 .text.start_bicarpump
                0x000829dc       0xa0 src/CPU3.o
                0x000829dc                start_bicarpump
 .text.stop_pump
                0x00082a7c       0x24 src/CPU3.o
                0x00082a7c                stop_pump
 .text.osc_enable
                0x00082aa0       0x88 src/ASF/common/services/clock/sam3x/sysclk.o
 .text.osc_is_ready
                0x00082b28       0x70 src/ASF/common/services/clock/sam3x/sysclk.o
 .text.osc_get_rate
                0x00082b98       0x74 src/ASF/common/services/clock/sam3x/sysclk.o
 .text.osc_wait_ready
                0x00082c0c       0x2c src/ASF/common/services/clock/sam3x/sysclk.o
 .text.pll_config_init
                0x00082c38       0x6c src/ASF/common/services/clock/sam3x/sysclk.o
 .text.pll_enable
                0x00082ca4       0x40 src/ASF/common/services/clock/sam3x/sysclk.o
 .text.pll_is_locked
                0x00082ce4       0x2c src/ASF/common/services/clock/sam3x/sysclk.o
 .text.pll_enable_source
                0x00082d10       0x38 src/ASF/common/services/clock/sam3x/sysclk.o
 .text.pll_wait_for_lock
                0x00082d48       0x24 src/ASF/common/services/clock/sam3x/sysclk.o
 .text.sysclk_get_main_hz
                0x00082d6c       0x1c src/ASF/common/services/clock/sam3x/sysclk.o
 .text.sysclk_get_cpu_hz
                0x00082d88       0x14 src/ASF/common/services/clock/sam3x/sysclk.o
 .text.sysclk_init
                0x00082d9c       0x68 src/ASF/common/services/clock/sam3x/sysclk.o
                0x00082d9c                sysclk_init
 .text.sysclk_enable_peripheral_clock
                0x00082e04       0x1c src/ASF/sam/boards/arduino_due_x/init.o
 .text.ioport_init
                0x00082e20       0x24 src/ASF/sam/boards/arduino_due_x/init.o
 .text.board_init
                0x00082e44       0x80 src/ASF/sam/boards/arduino_due_x/init.o
                0x00082e44                board_init
 .text.pio_pull_up
                0x00082ec4       0x2c src/ASF/sam/drivers/pio/pio.o
                0x00082ec4                pio_pull_up
 .text.pio_set_peripheral
                0x00082ef0       0x80 src/ASF/sam/drivers/pio/pio.o
                0x00082ef0                pio_set_peripheral
 .text.pio_set_input
                0x00082f70       0x80 src/ASF/sam/drivers/pio/pio.o
                0x00082f70                pio_set_input
 .text.pio_set_output
                0x00082ff0       0x64 src/ASF/sam/drivers/pio/pio.o
                0x00082ff0                pio_set_output
 .text.pio_disable_interrupt
                0x00083054       0x1c src/ASF/sam/drivers/pio/pio.o
                0x00083054                pio_disable_interrupt
 .text.pio_get_interrupt_status
                0x00083070       0x18 src/ASF/sam/drivers/pio/pio.o
                0x00083070                pio_get_interrupt_status
 .text.pio_get_interrupt_mask
                0x00083088       0x18 src/ASF/sam/drivers/pio/pio.o
                0x00083088                pio_get_interrupt_mask
 .text.pio_configure_pin
                0x000830a0      0x13c src/ASF/sam/drivers/pio/pio.o
                0x000830a0                pio_configure_pin
 .text.pio_configure_pin_group
                0x000831dc       0xe4 src/ASF/sam/drivers/pio/pio.o
                0x000831dc                pio_configure_pin_group
 .text.pio_handler_process
                0x000832c0       0xac src/ASF/sam/drivers/pio/pio_handler.o
                0x000832c0                pio_handler_process
 .text.PIOA_Handler
                0x0008336c       0x18 src/ASF/sam/drivers/pio/pio_handler.o
                0x0008336c                PIOA_Handler
 .text.PIOB_Handler
                0x00083384       0x18 src/ASF/sam/drivers/pio/pio_handler.o
                0x00083384                PIOB_Handler
 .text.PIOC_Handler
                0x0008339c       0x18 src/ASF/sam/drivers/pio/pio_handler.o
                0x0008339c                PIOC_Handler
 .text.PIOD_Handler
                0x000833b4       0x18 src/ASF/sam/drivers/pio/pio_handler.o
                0x000833b4                PIOD_Handler
 .text.pmc_switch_mck_to_pllack
                0x000833cc       0x80 src/ASF/sam/drivers/pmc/pmc.o
                0x000833cc                pmc_switch_mck_to_pllack
 .text.pmc_switch_sclk_to_32kxtal
                0x0008344c       0x38 src/ASF/sam/drivers/pmc/pmc.o
                0x0008344c                pmc_switch_sclk_to_32kxtal
 .text.pmc_osc_is_ready_32kxtal
                0x00083484       0x34 src/ASF/sam/drivers/pmc/pmc.o
                0x00083484                pmc_osc_is_ready_32kxtal
 .text.pmc_switch_mainck_to_fastrc
                0x000834b8       0xa0 src/ASF/sam/drivers/pmc/pmc.o
                0x000834b8                pmc_switch_mainck_to_fastrc
 .text.pmc_switch_mainck_to_xtal
                0x00083558       0x78 src/ASF/sam/drivers/pmc/pmc.o
                0x00083558                pmc_switch_mainck_to_xtal
 .text.pmc_osc_is_ready_mainck
                0x000835d0       0x18 src/ASF/sam/drivers/pmc/pmc.o
                0x000835d0                pmc_osc_is_ready_mainck
 .text.pmc_disable_pllack
                0x000835e8       0x18 src/ASF/sam/drivers/pmc/pmc.o
                0x000835e8                pmc_disable_pllack
 .text.pmc_is_locked_pllack
                0x00083600       0x18 src/ASF/sam/drivers/pmc/pmc.o
                0x00083600                pmc_is_locked_pllack
 .text.pmc_is_locked_upll
                0x00083618       0x18 src/ASF/sam/drivers/pmc/pmc.o
                0x00083618                pmc_is_locked_upll
 .text.pmc_enable_periph_clk
                0x00083630       0x80 src/ASF/sam/drivers/pmc/pmc.o
                0x00083630                pmc_enable_periph_clk
 .text.pmc_set_writeprotect
                0x000836b0       0x38 src/ASF/sam/drivers/pmc/pmc.o
                0x000836b0                pmc_set_writeprotect
 .text.Dummy_Handler
                0x000836e8        0x8 src/ASF/sam/utils/cmsis/sam3x/source/templates/exceptions.o
                0x000836e8                DACC_Handler
                0x000836e8                DebugMon_Handler
                0x000836e8                DMAC_Handler
                0x000836e8                TRNG_Handler
                0x000836e8                HardFault_Handler
                0x000836e8                SysTick_Handler
                0x000836e8                USART3_Handler
                0x000836e8                TWI1_Handler
                0x000836e8                PendSV_Handler
                0x000836e8                NMI_Handler
                0x000836e8                ADC_Handler
                0x000836e8                SMC_Handler
                0x000836e8                USART0_Handler
                0x000836e8                RTT_Handler
                0x000836e8                EFC1_Handler
                0x000836e8                RTC_Handler
                0x000836e8                UsageFault_Handler
                0x000836e8                WDT_Handler
                0x000836e8                TC4_Handler
                0x000836e8                HSMCI_Handler
                0x000836e8                Dummy_Handler
                0x000836e8                TWI0_Handler
                0x000836e8                USART1_Handler
                0x000836e8                SSC_Handler
                0x000836e8                EFC0_Handler
                0x000836e8                PMC_Handler
                0x000836e8                PWM_Handler
                0x000836e8                CAN1_Handler
                0x000836e8                MemManage_Handler
                0x000836e8                SUPC_Handler
                0x000836e8                SVC_Handler
                0x000836e8                TC8_Handler
                0x000836e8                USART2_Handler
                0x000836e8                EMAC_Handler
                0x000836e8                BusFault_Handler
                0x000836e8                RSTC_Handler
                0x000836e8                TC5_Handler
                0x000836e8                UOTGHS_Handler
                0x000836e8                SPI0_Handler
 .text.Reset_Handler
                0x000836f0       0xa8 src/ASF/sam/utils/cmsis/sam3x/source/templates/gcc/startup_sam3x.o
                0x000836f0                Reset_Handler
 .text.SystemCoreClockUpdate
                0x00083798      0x184 src/ASF/sam/utils/cmsis/sam3x/source/templates/system_sam3x.o
                0x00083798                SystemCoreClockUpdate
 .text.system_init_flash
                0x0008391c       0xbc src/ASF/sam/utils/cmsis/sam3x/source/templates/system_sam3x.o
                0x0008391c                system_init_flash
 .text._sbrk    0x000839d8       0x3c src/ASF/sam/utils/syscalls/gcc/syscalls.o
                0x000839d8                _sbrk
 .text._close   0x00083a14       0x18 src/ASF/sam/utils/syscalls/gcc/syscalls.o
                0x00083a14                _close
 .text._fstat   0x00083a2c       0x20 src/ASF/sam/utils/syscalls/gcc/syscalls.o
                0x00083a2c                _fstat
 .text._isatty  0x00083a4c       0x14 src/ASF/sam/utils/syscalls/gcc/syscalls.o
                0x00083a4c                _isatty
 .text._lseek   0x00083a60       0x18 src/ASF/sam/utils/syscalls/gcc/syscalls.o
                0x00083a60                _lseek
 .text          0x00083a78      0x370 c:/program files (x86)/atmel/studio/7.0/toolchain/arm/arm-gnu-toolchain/bin/../lib/gcc/arm-none-eabi/5.3.1/armv7-m\libgcc.a(_arm_addsubdf3.o)
                0x00083a78                __aeabi_drsub
                0x00083a80                __aeabi_dsub
                0x00083a80                __subdf3
                0x00083a84                __aeabi_dadd
                0x00083a84                __adddf3
                0x00083cfc                __floatunsidf
                0x00083cfc                __aeabi_ui2d
                0x00083d1c                __floatsidf
                0x00083d1c                __aeabi_i2d
                0x00083d40                __aeabi_f2d
                0x00083d40                __extendsfdf2
                0x00083d7c                __floatundidf
                0x00083d7c                __aeabi_ul2d
                0x00083d8c                __floatdidf
                0x00083d8c                __aeabi_l2d
 .text          0x00083de8       0x40 c:/program files (x86)/atmel/studio/7.0/toolchain/arm/arm-gnu-toolchain/bin/../lib/gcc/arm-none-eabi/5.3.1/armv7-m\libgcc.a(_arm_fixunsdfsi.o)
                0x00083de8                __aeabi_d2uiz
                0x00083de8                __fixunsdfsi
 .text.__libc_init_array
                0x00083e28       0x50 c:/program files (x86)/atmel/studio/7.0/toolchain/arm/arm-gnu-toolchain/bin/../lib/gcc/arm-none-eabi/5.3.1/../../../../arm-none-eabi/lib/armv7-m\libc.a(lib_a-init.o)
                0x00083e28                __libc_init_array
 .text.iprintf  0x00083e78       0x28 c:/program files (x86)/atmel/studio/7.0/toolchain/arm/arm-gnu-toolchain/bin/../lib/gcc/arm-none-eabi/5.3.1/../../../../arm-none-eabi/lib/armv7-m\libc.a(lib_a-iprintf.o)
                0x00083e78                iprintf
 .text.memset   0x00083ea0       0x9c c:/program files (x86)/atmel/studio/7.0/toolchain/arm/arm-gnu-toolchain/bin/../lib/gcc/arm-none-eabi/5.3.1/../../../../arm-none-eabi/lib/armv7-m\libc.a(lib_a-memset.o)
                0x00083ea0                memset
 .text.setbuf   0x00083f3c       0x10 c:/program files (x86)/atmel/studio/7.0/toolchain/arm/arm-gnu-toolchain/bin/../lib/gcc/arm-none-eabi/5.3.1/../../../../arm-none-eabi/lib/armv7-m\libc.a(lib_a-setbuf.o)
                0x00083f3c                setbuf
 .text.setvbuf  0x00083f4c      0x150 c:/program files (x86)/atmel/studio/7.0/toolchain/arm/arm-gnu-toolchain/bin/../lib/gcc/arm-none-eabi/5.3.1/../../../../arm-none-eabi/lib/armv7-m\libc.a(lib_a-setvbuf.o)
                0x00083f4c                setvbuf
 .text.strlen   0x0008409c       0x5c c:/program files (x86)/atmel/studio/7.0/toolchain/arm/arm-gnu-toolchain/bin/../lib/gcc/arm-none-eabi/5.3.1/../../../../arm-none-eabi/lib/armv7-m\libc.a(lib_a-strlen-stub.o)
                0x0008409c                strlen
 .text.__sprint_r.part.0
                0x000840f8       0x78 c:/program files (x86)/atmel/studio/7.0/toolchain/arm/arm-gnu-toolchain/bin/../lib/gcc/arm-none-eabi/5.3.1/../../../../arm-none-eabi/lib/armv7-m\libc.a(lib_a-vfiprintf.o)
 .text._vfiprintf_r
                0x00084170      0xde8 c:/program files (x86)/atmel/studio/7.0/toolchain/arm/arm-gnu-toolchain/bin/../lib/gcc/arm-none-eabi/5.3.1/../../../../arm-none-eabi/lib/armv7-m\libc.a(lib_a-vfiprintf.o)
                0x00084170                _vfiprintf_r
 .text.__sbprintf
                0x00084f58       0x6c c:/program files (x86)/atmel/studio/7.0/toolchain/arm/arm-gnu-toolchain/bin/../lib/gcc/arm-none-eabi/5.3.1/../../../../arm-none-eabi/lib/armv7-m\libc.a(lib_a-vfiprintf.o)
 .text.__swsetup_r
                0x00084fc4       0xc8 c:/program files (x86)/atmel/studio/7.0/toolchain/arm/arm-gnu-toolchain/bin/../lib/gcc/arm-none-eabi/5.3.1/../../../../arm-none-eabi/lib/armv7-m\libc.a(lib_a-wsetup.o)
                0x00084fc4                __swsetup_r
 .text.startup.register_fini
                0x0008508c       0x14 c:/program files (x86)/atmel/studio/7.0/toolchain/arm/arm-gnu-toolchain/bin/../lib/gcc/arm-none-eabi/5.3.1/../../../../arm-none-eabi/lib/armv7-m\libc.a(lib_a-__call_atexit.o)
 .text.atexit   0x000850a0        0xc c:/program files (x86)/atmel/studio/7.0/toolchain/arm/arm-gnu-toolchain/bin/../lib/gcc/arm-none-eabi/5.3.1/../../../../arm-none-eabi/lib/armv7-m\libc.a(lib_a-atexit.o)
                0x000850a0                atexit
 .text.__sflush_r
                0x000850ac      0x148 c:/program files (x86)/atmel/studio/7.0/toolchain/arm/arm-gnu-toolchain/bin/../lib/gcc/arm-none-eabi/5.3.1/../../../../arm-none-eabi/lib/armv7-m\libc.a(lib_a-fflush.o)
                0x000850ac                __sflush_r
 .text._fflush_r
                0x000851f4       0x2c c:/program files (x86)/atmel/studio/7.0/toolchain/arm/arm-gnu-toolchain/bin/../lib/gcc/arm-none-eabi/5.3.1/../../../../arm-none-eabi/lib/armv7-m\libc.a(lib_a-fflush.o)
                0x000851f4                _fflush_r
 .text._cleanup_r
                0x00085220        0xc c:/program files (x86)/atmel/studio/7.0/toolchain/arm/arm-gnu-toolchain/bin/../lib/gcc/arm-none-eabi/5.3.1/../../../../arm-none-eabi/lib/armv7-m\libc.a(lib_a-findfp.o)
                0x00085220                _cleanup_r
 .text.__sinit.part.1
                0x0008522c       0xf0 c:/program files (x86)/atmel/studio/7.0/toolchain/arm/arm-gnu-toolchain/bin/../lib/gcc/arm-none-eabi/5.3.1/../../../../arm-none-eabi/lib/armv7-m\libc.a(lib_a-findfp.o)
 .text.__sinit  0x0008531c        0xc c:/program files (x86)/atmel/studio/7.0/toolchain/arm/arm-gnu-toolchain/bin/../lib/gcc/arm-none-eabi/5.3.1/../../../../arm-none-eabi/lib/armv7-m\libc.a(lib_a-findfp.o)
                0x0008531c                __sinit
 .text.__sfp_lock_acquire
                0x00085328        0x4 c:/program files (x86)/atmel/studio/7.0/toolchain/arm/arm-gnu-toolchain/bin/../lib/gcc/arm-none-eabi/5.3.1/../../../../arm-none-eabi/lib/armv7-m\libc.a(lib_a-findfp.o)
                0x00085328                __sfp_lock_acquire
 .text.__sfp_lock_release
                0x0008532c        0x4 c:/program files (x86)/atmel/studio/7.0/toolchain/arm/arm-gnu-toolchain/bin/../lib/gcc/arm-none-eabi/5.3.1/../../../../arm-none-eabi/lib/armv7-m\libc.a(lib_a-findfp.o)
                0x0008532c                __sfp_lock_release
 .text.__libc_fini_array
                0x00085330       0x28 c:/program files (x86)/atmel/studio/7.0/toolchain/arm/arm-gnu-toolchain/bin/../lib/gcc/arm-none-eabi/5.3.1/../../../../arm-none-eabi/lib/armv7-m\libc.a(lib_a-fini.o)
                0x00085330                __libc_fini_array
 .text.__fputwc
                0x00085358       0x94 c:/program files (x86)/atmel/studio/7.0/toolchain/arm/arm-gnu-toolchain/bin/../lib/gcc/arm-none-eabi/5.3.1/../../../../arm-none-eabi/lib/armv7-m\libc.a(lib_a-fputwc.o)
                0x00085358                __fputwc
 .text._fputwc_r
                0x000853ec       0x24 c:/program files (x86)/atmel/studio/7.0/toolchain/arm/arm-gnu-toolchain/bin/../lib/gcc/arm-none-eabi/5.3.1/../../../../arm-none-eabi/lib/armv7-m\libc.a(lib_a-fputwc.o)
                0x000853ec                _fputwc_r
 .text._malloc_trim_r
                0x00085410       0x9c c:/program files (x86)/atmel/studio/7.0/toolchain/arm/arm-gnu-toolchain/bin/../lib/gcc/arm-none-eabi/5.3.1/../../../../arm-none-eabi/lib/armv7-m\libc.a(lib_a-freer.o)
                0x00085410                _malloc_trim_r
 .text._free_r  0x000854ac      0x1d0 c:/program files (x86)/atmel/studio/7.0/toolchain/arm/arm-gnu-toolchain/bin/../lib/gcc/arm-none-eabi/5.3.1/../../../../arm-none-eabi/lib/armv7-m\libc.a(lib_a-freer.o)
                0x000854ac                _free_r
 .text.__sfvwrite_r
                0x0008567c      0x308 c:/program files (x86)/atmel/studio/7.0/toolchain/arm/arm-gnu-toolchain/bin/../lib/gcc/arm-none-eabi/5.3.1/../../../../arm-none-eabi/lib/armv7-m\libc.a(lib_a-fvwrite.o)
                0x0008567c                __sfvwrite_r
 .text._fwalk_reent
                0x00085984       0x50 c:/program files (x86)/atmel/studio/7.0/toolchain/arm/arm-gnu-toolchain/bin/../lib/gcc/arm-none-eabi/5.3.1/../../../../arm-none-eabi/lib/armv7-m\libc.a(lib_a-fwalk.o)
                0x00085984                _fwalk_reent
 .text.__locale_charset
                0x000859d4        0x8 c:/program files (x86)/atmel/studio/7.0/toolchain/arm/arm-gnu-toolchain/bin/../lib/gcc/arm-none-eabi/5.3.1/../../../../arm-none-eabi/lib/armv7-m\libc.a(lib_a-locale.o)
                0x000859d4                __locale_charset
 .text.__locale_mb_cur_max
                0x000859dc        0xc c:/program files (x86)/atmel/studio/7.0/toolchain/arm/arm-gnu-toolchain/bin/../lib/gcc/arm-none-eabi/5.3.1/../../../../arm-none-eabi/lib/armv7-m\libc.a(lib_a-locale.o)
                0x000859dc                __locale_mb_cur_max
 .text.__swhatbuf_r
                0x000859e8       0x60 c:/program files (x86)/atmel/studio/7.0/toolchain/arm/arm-gnu-toolchain/bin/../lib/gcc/arm-none-eabi/5.3.1/../../../../arm-none-eabi/lib/armv7-m\libc.a(lib_a-makebuf.o)
                0x000859e8                __swhatbuf_r
 .text.__smakebuf_r
                0x00085a48       0x88 c:/program files (x86)/atmel/studio/7.0/toolchain/arm/arm-gnu-toolchain/bin/../lib/gcc/arm-none-eabi/5.3.1/../../../../arm-none-eabi/lib/armv7-m\libc.a(lib_a-makebuf.o)
                0x00085a48                __smakebuf_r
 .text.malloc   0x00085ad0       0x10 c:/program files (x86)/atmel/studio/7.0/toolchain/arm/arm-gnu-toolchain/bin/../lib/gcc/arm-none-eabi/5.3.1/../../../../arm-none-eabi/lib/armv7-m\libc.a(lib_a-malloc.o)
                0x00085ad0                malloc
 .text._malloc_r
                0x00085ae0      0x558 c:/program files (x86)/atmel/studio/7.0/toolchain/arm/arm-gnu-toolchain/bin/../lib/gcc/arm-none-eabi/5.3.1/../../../../arm-none-eabi/lib/armv7-m\libc.a(lib_a-mallocr.o)
                0x00085ae0                _malloc_r
 .text.memchr   0x00086038       0x8c c:/program files (x86)/atmel/studio/7.0/toolchain/arm/arm-gnu-toolchain/bin/../lib/gcc/arm-none-eabi/5.3.1/../../../../arm-none-eabi/lib/armv7-m\libc.a(lib_a-memchr-stub.o)
                0x00086038                memchr
 .text          0x000860c4       0xec c:/program files (x86)/atmel/studio/7.0/toolchain/arm/arm-gnu-toolchain/bin/../lib/gcc/arm-none-eabi/5.3.1/../../../../arm-none-eabi/lib/armv7-m\libc.a(lib_a-memcpy.o)
                0x000860c4                memcpy
 .text.memmove  0x000861b0       0xc8 c:/program files (x86)/atmel/studio/7.0/toolchain/arm/arm-gnu-toolchain/bin/../lib/gcc/arm-none-eabi/5.3.1/../../../../arm-none-eabi/lib/armv7-m\libc.a(lib_a-memmove.o)
                0x000861b0                memmove
 .text.__malloc_lock
                0x00086278        0x4 c:/program files (x86)/atmel/studio/7.0/toolchain/arm/arm-gnu-toolchain/bin/../lib/gcc/arm-none-eabi/5.3.1/../../../../arm-none-eabi/lib/armv7-m\libc.a(lib_a-mlock.o)
                0x00086278                __malloc_lock
 .text.__malloc_unlock
                0x0008627c        0x4 c:/program files (x86)/atmel/studio/7.0/toolchain/arm/arm-gnu-toolchain/bin/../lib/gcc/arm-none-eabi/5.3.1/../../../../arm-none-eabi/lib/armv7-m\libc.a(lib_a-mlock.o)
                0x0008627c                __malloc_unlock
 .text._realloc_r
                0x00086280      0x3d4 c:/program files (x86)/atmel/studio/7.0/toolchain/arm/arm-gnu-toolchain/bin/../lib/gcc/arm-none-eabi/5.3.1/../../../../arm-none-eabi/lib/armv7-m\libc.a(lib_a-reallocr.o)
                0x00086280                _realloc_r
 .text._sbrk_r  0x00086654       0x24 c:/program files (x86)/atmel/studio/7.0/toolchain/arm/arm-gnu-toolchain/bin/../lib/gcc/arm-none-eabi/5.3.1/../../../../arm-none-eabi/lib/armv7-m\libc.a(lib_a-sbrkr.o)
                0x00086654                _sbrk_r
 .text.__sread  0x00086678       0x24 c:/program files (x86)/atmel/studio/7.0/toolchain/arm/arm-gnu-toolchain/bin/../lib/gcc/arm-none-eabi/5.3.1/../../../../arm-none-eabi/lib/armv7-m\libc.a(lib_a-stdio.o)
                0x00086678                __sread
 .text.__swrite
                0x0008669c       0x3c c:/program files (x86)/atmel/studio/7.0/toolchain/arm/arm-gnu-toolchain/bin/../lib/gcc/arm-none-eabi/5.3.1/../../../../arm-none-eabi/lib/armv7-m\libc.a(lib_a-stdio.o)
                0x0008669c                __swrite
 .text.__sseek  0x000866d8       0x20 c:/program files (x86)/atmel/studio/7.0/toolchain/arm/arm-gnu-toolchain/bin/../lib/gcc/arm-none-eabi/5.3.1/../../../../arm-none-eabi/lib/armv7-m\libc.a(lib_a-stdio.o)
                0x000866d8                __sseek
 .text.__sclose
                0x000866f8        0x8 c:/program files (x86)/atmel/studio/7.0/toolchain/arm/arm-gnu-toolchain/bin/../lib/gcc/arm-none-eabi/5.3.1/../../../../arm-none-eabi/lib/armv7-m\libc.a(lib_a-stdio.o)
                0x000866f8                __sclose
 .text.__swbuf_r
                0x00086700       0xac c:/program files (x86)/atmel/studio/7.0/toolchain/arm/arm-gnu-toolchain/bin/../lib/gcc/arm-none-eabi/5.3.1/../../../../arm-none-eabi/lib/armv7-m\libc.a(lib_a-wbuf.o)
                0x00086700                __swbuf_r
 .text._wcrtomb_r
                0x000867ac       0x54 c:/program files (x86)/atmel/studio/7.0/toolchain/arm/arm-gnu-toolchain/bin/../lib/gcc/arm-none-eabi/5.3.1/../../../../arm-none-eabi/lib/armv7-m\libc.a(lib_a-wcrtomb.o)
                0x000867ac                _wcrtomb_r
 .text.__ascii_wctomb
                0x00086800       0x1c c:/program files (x86)/atmel/studio/7.0/toolchain/arm/arm-gnu-toolchain/bin/../lib/gcc/arm-none-eabi/5.3.1/../../../../arm-none-eabi/lib/armv7-m\libc.a(lib_a-wctomb_r.o)
                0x00086800                __ascii_wctomb
 .text._write_r
                0x0008681c       0x2c c:/program files (x86)/atmel/studio/7.0/toolchain/arm/arm-gnu-toolchain/bin/../lib/gcc/arm-none-eabi/5.3.1/../../../../arm-none-eabi/lib/armv7-m\libc.a(lib_a-writer.o)
                0x0008681c                _write_r
 .text.__register_exitproc
                0x00086848       0xa4 c:/program files (x86)/atmel/studio/7.0/toolchain/arm/arm-gnu-toolchain/bin/../lib/gcc/arm-none-eabi/5.3.1/../../../../arm-none-eabi/lib/armv7-m\libc.a(lib_a-__atexit.o)
                0x00086848                __register_exitproc
 .text._close_r
                0x000868ec       0x24 c:/program files (x86)/atmel/studio/7.0/toolchain/arm/arm-gnu-toolchain/bin/../lib/gcc/arm-none-eabi/5.3.1/../../../../arm-none-eabi/lib/armv7-m\libc.a(lib_a-closer.o)
                0x000868ec                _close_r
 .text._fclose_r
                0x00086910       0x84 c:/program files (x86)/atmel/studio/7.0/toolchain/arm/arm-gnu-toolchain/bin/../lib/gcc/arm-none-eabi/5.3.1/../../../../arm-none-eabi/lib/armv7-m\libc.a(lib_a-fclose.o)
                0x00086910                _fclose_r
 .text._fstat_r
                0x00086994       0x28 c:/program files (x86)/atmel/studio/7.0/toolchain/arm/arm-gnu-toolchain/bin/../lib/gcc/arm-none-eabi/5.3.1/../../../../arm-none-eabi/lib/armv7-m\libc.a(lib_a-fstatr.o)
                0x00086994                _fstat_r
 .text._isatty_r
                0x000869bc       0x24 c:/program files (x86)/atmel/studio/7.0/toolchain/arm/arm-gnu-toolchain/bin/../lib/gcc/arm-none-eabi/5.3.1/../../../../arm-none-eabi/lib/armv7-m\libc.a(lib_a-isattyr.o)
                0x000869bc                _isatty_r
 .text._lseek_r
                0x000869e0       0x2c c:/program files (x86)/atmel/studio/7.0/toolchain/arm/arm-gnu-toolchain/bin/../lib/gcc/arm-none-eabi/5.3.1/../../../../arm-none-eabi/lib/armv7-m\libc.a(lib_a-lseekr.o)
                0x000869e0                _lseek_r
 .text._read_r  0x00086a0c       0x2c c:/program files (x86)/atmel/studio/7.0/toolchain/arm/arm-gnu-toolchain/bin/../lib/gcc/arm-none-eabi/5.3.1/../../../../arm-none-eabi/lib/armv7-m\libc.a(lib_a-readr.o)
                0x00086a0c                _read_r
 .text          0x00086a38       0x30 c:/program files (x86)/atmel/studio/7.0/toolchain/arm/arm-gnu-toolchain/bin/../lib/gcc/arm-none-eabi/5.3.1/armv7-m\libgcc.a(_aeabi_uldivmod.o)
                0x00086a38                __aeabi_uldivmod
 .text          0x00086a68      0x2ec c:/program files (x86)/atmel/studio/7.0/toolchain/arm/arm-gnu-toolchain/bin/../lib/gcc/arm-none-eabi/5.3.1/armv7-m\libgcc.a(_udivmoddi4.o)
                0x00086a68                __udivmoddi4
 .text          0x00086d54        0x4 c:/program files (x86)/atmel/studio/7.0/toolchain/arm/arm-gnu-toolchain/bin/../lib/gcc/arm-none-eabi/5.3.1/armv7-m\libgcc.a(_dvmd_tls.o)
                0x00086d54                __aeabi_idiv0
                0x00086d54                __aeabi_ldiv0
 *(.glue_7t)
 .glue_7t       0x00086d58        0x0 linker stubs
 *(.glue_7)
 .glue_7        0x00086d58        0x0 linker stubs
 *(.rodata .rodata* .gnu.linkonce.r.*)
 .rodata.can_bit_time
                0x00086d58       0x6c src/Platform/Driver/DD_CAN/D_CAN.o
                0x00086d58                can_bit_time
 .rodata.uart_serial_options
                0x00086dc4       0x10 src/CPU3.o
                0x00086dc4                uart_serial_options
 .rodata        0x00086dd4       0x11 src/CPU3.o
 *fill*         0x00086de5        0x3 
 .rodata.str1.4
                0x00086de8        0x2 c:/program files (x86)/atmel/studio/7.0/toolchain/arm/arm-gnu-toolchain/bin/../lib/gcc/arm-none-eabi/5.3.1/../../../../arm-none-eabi/lib/armv7-m\libc.a(lib_a-impure.o)
 *fill*         0x00086dea        0x2 
 .rodata._global_impure_ptr
                0x00086dec        0x4 c:/program files (x86)/atmel/studio/7.0/toolchain/arm/arm-gnu-toolchain/bin/../lib/gcc/arm-none-eabi/5.3.1/../../../../arm-none-eabi/lib/armv7-m\libc.a(lib_a-impure.o)
                0x00086dec                _global_impure_ptr
 .rodata.zeroes.6993
                0x00086df0       0x10 c:/program files (x86)/atmel/studio/7.0/toolchain/arm/arm-gnu-toolchain/bin/../lib/gcc/arm-none-eabi/5.3.1/../../../../arm-none-eabi/lib/armv7-m\libc.a(lib_a-vfiprintf.o)
 .rodata.str1.4
                0x00086e00       0x30 c:/program files (x86)/atmel/studio/7.0/toolchain/arm/arm-gnu-toolchain/bin/../lib/gcc/arm-none-eabi/5.3.1/../../../../arm-none-eabi/lib/armv7-m\libc.a(lib_a-vfiprintf.o)
                                 0x2f (size before relaxing)
 .rodata.blanks.6992
                0x00086e30       0x10 c:/program files (x86)/atmel/studio/7.0/toolchain/arm/arm-gnu-toolchain/bin/../lib/gcc/arm-none-eabi/5.3.1/../../../../arm-none-eabi/lib/armv7-m\libc.a(lib_a-vfiprintf.o)
 *(.ARM.extab* .gnu.linkonce.armextab.*)
                0x00086e40                . = ALIGN (0x4)
 *(.init)
 .init          0x00086e40        0x4 c:/program files (x86)/atmel/studio/7.0/toolchain/arm/arm-gnu-toolchain/bin/../lib/gcc/arm-none-eabi/5.3.1/armv7-m/crti.o
                0x00086e40                _init
 .init          0x00086e44        0x8 c:/program files (x86)/atmel/studio/7.0/toolchain/arm/arm-gnu-toolchain/bin/../lib/gcc/arm-none-eabi/5.3.1/armv7-m/crtn.o
                0x00086e4c                . = ALIGN (0x4)
                0x00086e4c                __preinit_array_start = .
 *(.preinit_array)
                0x00086e4c                __preinit_array_end = .
                0x00086e4c                . = ALIGN (0x4)
                0x00086e4c                __init_array_start = .
 *(SORT(.init_array.*))
 .init_array.00000
                0x00086e4c        0x4 c:/program files (x86)/atmel/studio/7.0/toolchain/arm/arm-gnu-toolchain/bin/../lib/gcc/arm-none-eabi/5.3.1/../../../../arm-none-eabi/lib/armv7-m\libc.a(lib_a-__call_atexit.o)
 *(.init_array)
 .init_array    0x00086e50        0x4 c:/program files (x86)/atmel/studio/7.0/toolchain/arm/arm-gnu-toolchain/bin/../lib/gcc/arm-none-eabi/5.3.1/armv7-m/crtbegin.o
                0x00086e54                __init_array_end = .
                0x00086e54                . = ALIGN (0x4)
 *crtbegin.o(.ctors)
 *(EXCLUDE_FILE(*crtend.o) .ctors)
 *(SORT(.ctors.*))
 *crtend.o(.ctors)
                0x00086e54                . = ALIGN (0x4)
 *(.fini)
 .fini          0x00086e54        0x4 c:/program files (x86)/atmel/studio/7.0/toolchain/arm/arm-gnu-toolchain/bin/../lib/gcc/arm-none-eabi/5.3.1/armv7-m/crti.o
                0x00086e54                _fini
 .fini          0x00086e58        0x8 c:/program files (x86)/atmel/studio/7.0/toolchain/arm/arm-gnu-toolchain/bin/../lib/gcc/arm-none-eabi/5.3.1/armv7-m/crtn.o
                0x00086e60                . = ALIGN (0x4)
                0x00086e60                __fini_array_start = .
 *(.fini_array)
 .fini_array    0x00086e60        0x4 c:/program files (x86)/atmel/studio/7.0/toolchain/arm/arm-gnu-toolchain/bin/../lib/gcc/arm-none-eabi/5.3.1/armv7-m/crtbegin.o
 *(SORT(.fini_array.*))
                0x00086e64                __fini_array_end = .
 *crtbegin.o(.dtors)
 *(EXCLUDE_FILE(*crtend.o) .dtors)
 *(SORT(.dtors.*))
 *crtend.o(.dtors)
                0x00086e64                . = ALIGN (0x4)
                0x00086e64                _efixed = .
                [!provide]                PROVIDE (__exidx_start, .)

.vfp11_veneer   0x00086e64        0x0
 .vfp11_veneer  0x00086e64        0x0 linker stubs

.v4_bx          0x00086e64        0x0
 .v4_bx         0x00086e64        0x0 linker stubs

.iplt           0x00086e64        0x0
 .iplt          0x00086e64        0x0 c:/program files (x86)/atmel/studio/7.0/toolchain/arm/arm-gnu-toolchain/bin/../lib/gcc/arm-none-eabi/5.3.1/armv7-m/crtbegin.o

.ARM.exidx      0x00086e64        0x8
 *(.ARM.exidx* .gnu.linkonce.armexidx.*)
 .ARM.exidx     0x00086e64        0x8 c:/program files (x86)/atmel/studio/7.0/toolchain/arm/arm-gnu-toolchain/bin/../lib/gcc/arm-none-eabi/5.3.1/armv7-m\libgcc.a(_udivmoddi4.o)
                [!provide]                PROVIDE (__exidx_end, .)

.eh_frame       0x00086e6c        0x0
 .eh_frame      0x00086e6c        0x0 c:/program files (x86)/atmel/studio/7.0/toolchain/arm/arm-gnu-toolchain/bin/../lib/gcc/arm-none-eabi/5.3.1/armv7-m/crtbegin.o

.rel.dyn        0x00086e6c        0x0
 .rel.iplt      0x00086e6c        0x0 c:/program files (x86)/atmel/studio/7.0/toolchain/arm/arm-gnu-toolchain/bin/../lib/gcc/arm-none-eabi/5.3.1/armv7-m/crtbegin.o

.jcr            0x00086e6c        0x0
 .jcr           0x00086e6c        0x0 c:/program files (x86)/atmel/studio/7.0/toolchain/arm/arm-gnu-toolchain/bin/../lib/gcc/arm-none-eabi/5.3.1/armv7-m/crtbegin.o

.igot.plt       0x00086e6c        0x0
 .igot.plt      0x00086e6c        0x0 c:/program files (x86)/atmel/studio/7.0/toolchain/arm/arm-gnu-toolchain/bin/../lib/gcc/arm-none-eabi/5.3.1/armv7-m/crtbegin.o
                0x00086e6c                . = ALIGN (0x4)
                0x00086e6c                _etext = .

.relocate       0x20070000      0xc6c load address 0x00086e6c
                0x20070000                . = ALIGN (0x4)
                0x20070000                _srelocate = .
 *(.ramfunc .ramfunc.*)
 *(.data .data.*)
 .data.array_acid
                0x20070000      0x200 src/Platform/Driver/HANDLER/D_HANDLER.o
                0x20070000                array_acid
 .data.array_bicar
                0x20070200      0x200 src/Platform/Driver/HANDLER/D_HANDLER.o
                0x20070200                array_bicar
 .data.state_3  0x20070400        0x1 src/CPU3.o
                0x20070400                state_3
 *fill*         0x20070401        0x3 
 .data.SystemCoreClock
                0x20070404        0x4 src/ASF/sam/utils/cmsis/sam3x/source/templates/system_sam3x.o
                0x20070404                SystemCoreClock
 .data.impure_data
                0x20070408      0x428 c:/program files (x86)/atmel/studio/7.0/toolchain/arm/arm-gnu-toolchain/bin/../lib/gcc/arm-none-eabi/5.3.1/../../../../arm-none-eabi/lib/armv7-m\libc.a(lib_a-impure.o)
 .data._impure_ptr
                0x20070830        0x4 c:/program files (x86)/atmel/studio/7.0/toolchain/arm/arm-gnu-toolchain/bin/../lib/gcc/arm-none-eabi/5.3.1/../../../../arm-none-eabi/lib/armv7-m\libc.a(lib_a-impure.o)
                0x20070830                _impure_ptr
 .data.lc_ctype_charset
                0x20070834       0x20 c:/program files (x86)/atmel/studio/7.0/toolchain/arm/arm-gnu-toolchain/bin/../lib/gcc/arm-none-eabi/5.3.1/../../../../arm-none-eabi/lib/armv7-m\libc.a(lib_a-locale.o)
 .data.__mb_cur_max
                0x20070854        0x4 c:/program files (x86)/atmel/studio/7.0/toolchain/arm/arm-gnu-toolchain/bin/../lib/gcc/arm-none-eabi/5.3.1/../../../../arm-none-eabi/lib/armv7-m\libc.a(lib_a-locale.o)
                0x20070854                __mb_cur_max
 .data.__malloc_av_
                0x20070858      0x408 c:/program files (x86)/atmel/studio/7.0/toolchain/arm/arm-gnu-toolchain/bin/../lib/gcc/arm-none-eabi/5.3.1/../../../../arm-none-eabi/lib/armv7-m\libc.a(lib_a-mallocr.o)
                0x20070858                __malloc_av_
 .data.__malloc_trim_threshold
                0x20070c60        0x4 c:/program files (x86)/atmel/studio/7.0/toolchain/arm/arm-gnu-toolchain/bin/../lib/gcc/arm-none-eabi/5.3.1/../../../../arm-none-eabi/lib/armv7-m\libc.a(lib_a-mallocr.o)
                0x20070c60                __malloc_trim_threshold
 .data.__malloc_sbrk_base
                0x20070c64        0x4 c:/program files (x86)/atmel/studio/7.0/toolchain/arm/arm-gnu-toolchain/bin/../lib/gcc/arm-none-eabi/5.3.1/../../../../arm-none-eabi/lib/armv7-m\libc.a(lib_a-mallocr.o)
                0x20070c64                __malloc_sbrk_base
 .data.__wctomb
                0x20070c68        0x4 c:/program files (x86)/atmel/studio/7.0/toolchain/arm/arm-gnu-toolchain/bin/../lib/gcc/arm-none-eabi/5.3.1/../../../../arm-none-eabi/lib/armv7-m\libc.a(lib_a-wctomb_r.o)
                0x20070c68                __wctomb
                0x20070c6c                . = ALIGN (0x4)
                0x20070c6c                _erelocate = .

.bss            0x20070c6c      0x5f0 load address 0x00087ad8
                0x20070c6c                . = ALIGN (0x4)
                0x20070c6c                _sbss = .
                0x20070c6c                _szero = .
 *(.bss .bss.*)
 .bss           0x20070c6c       0x1c c:/program files (x86)/atmel/studio/7.0/toolchain/arm/arm-gnu-toolchain/bin/../lib/gcc/arm-none-eabi/5.3.1/armv7-m/crtbegin.o
 .bss.state     0x20070c88        0x1 src/Platform/Driver/DD_CAN/D_CAN.o
                0x20070c88                state
 *fill*         0x20070c89        0x1 
 .bss.count_start
                0x20070c8a        0x2 src/Platform/Driver/DD_CAN/D_CAN.o
                0x20070c8a                count_start
 .bss.count_stop
                0x20070c8c        0x2 src/Platform/Driver/DD_CAN/D_CAN.o
                0x20070c8c                count_stop
 .bss.data_count
                0x20070c8e        0x1 src/Platform/Driver/DD_CAN/D_CAN.o
                0x20070c8e                data_count
 *fill*         0x20070c8f        0x1 
 .bss.data      0x20070c90        0x3 src/Platform/Driver/DD_CAN/D_CAN.o
                0x20070c90                data
 .bss.sv_rxrdy_flag
                0x20070c93        0x1 src/Platform/Driver/DD_CAN/D_CAN.o
                0x20070c93                sv_rxrdy_flag
 .bss.data_buff
                0x20070c94        0x3 src/Platform/Driver/DD_CAN/D_CAN.o
                0x20070c94                data_buff
 .bss.test      0x20070c97        0x1 src/Platform/Driver/DD_CAN/D_CAN.o
                0x20070c97                test
 .bss.stabilise_Conductivity
                0x20070c98        0x1 src/Platform/Driver/DD_CAN/D_CAN.o
                0x20070c98                stabilise_Conductivity
 *fill*         0x20070c99        0x1 
 .bss.conductivity
                0x20070c9a        0x2 src/Platform/Driver/DD_CAN/D_CAN.o
                0x20070c9a                conductivity
 .bss.avg_conductivity
                0x20070c9c        0x2 src/Platform/Driver/DD_CAN/D_CAN.o
                0x20070c9c                avg_conductivity
 *fill*         0x20070c9e        0x2 
 .bss.g_ul_recv_status
                0x20070ca0        0x4 src/Platform/Driver/DD_CAN/D_CAN.o
                0x20070ca0                g_ul_recv_status
 .bss.toggle    0x20070ca4        0x1 src/Platform/Driver/HANDLER/D_HANDLER.o
 *fill*         0x20070ca5        0x3 
 .bss.TC1_cnt   0x20070ca8        0x4 src/Platform/Driver/HANDLER/D_HANDLER.o
                0x20070ca8                TC1_cnt
 .bss.TC2_cnt   0x20070cac        0x4 src/Platform/Driver/HANDLER/D_HANDLER.o
                0x20070cac                TC2_cnt
 .bss.Cnt_TC0_total
                0x20070cb0        0x4 src/Platform/Driver/HANDLER/D_HANDLER.o
                0x20070cb0                Cnt_TC0_total
 .bss.Cnt_TC1_total
                0x20070cb4        0x4 src/Platform/Driver/HANDLER/D_HANDLER.o
                0x20070cb4                Cnt_TC1_total
 .bss.OneSecFlag
                0x20070cb8        0x1 src/Platform/Driver/HANDLER/D_HANDLER.o
                0x20070cb8                OneSecFlag
 *fill*         0x20070cb9        0x3 
 .bss.tick      0x20070cbc        0x4 src/Platform/Driver/HANDLER/D_HANDLER.o
                0x20070cbc                tick
 .bss.tick_10   0x20070cc0        0x4 src/Platform/Driver/HANDLER/D_HANDLER.o
                0x20070cc0                tick_10
 .bss.tick_50   0x20070cc4        0x4 src/Platform/Driver/HANDLER/D_HANDLER.o
                0x20070cc4                tick_50
 .bss.tick_100  0x20070cc8        0x4 src/Platform/Driver/HANDLER/D_HANDLER.o
                0x20070cc8                tick_100
 .bss.tick_500  0x20070ccc        0x4 src/Platform/Driver/HANDLER/D_HANDLER.o
                0x20070ccc                tick_500
 .bss.ul_reg_val.7325
                0x20070cd0        0x4 src/ASF/sam/drivers/usart/usart.o
 .bss.count     0x20070cd4        0x4 src/CPU3.o
                0x20070cd4                count
 .bss.count1    0x20070cd8        0x4 src/CPU3.o
                0x20070cd8                count1
 .bss.openfillstate
                0x20070cdc        0x1 src/CPU3.o
                0x20070cdc                openfillstate
 .bss.flag_nrmal
                0x20070cdd        0x1 src/CPU3.o
                0x20070cdd                flag_nrmal
 .bss.rc        0x20070cde        0x2 src/CPU3.o
                0x20070cde                rc
 .bss.Set_RC    0x20070ce0        0x2 src/CPU3.o
                0x20070ce0                Set_RC
 .bss.Correction_Count
                0x20070ce2        0x1 src/CPU3.o
                0x20070ce2                Correction_Count
 .bss.feedcount_flag
                0x20070ce3        0x1 src/CPU3.o
                0x20070ce3                feedcount_flag
 .bss.acid_count
                0x20070ce4        0x4 src/CPU3.o
                0x20070ce4                acid_count
 .bss.bicarb_count
                0x20070ce8        0x4 src/CPU3.o
                0x20070ce8                bicarb_count
 .bss.cnt.9042  0x20070cec        0x1 src/CPU3.o
 *fill*         0x20070ced        0x3 
 .bss.status.9057
                0x20070cf0        0x4 src/CPU3.o
 .bss.status_bic.9058
                0x20070cf4        0x4 src/CPU3.o
 .bss.status_fdbck.9059
                0x20070cf8        0x4 src/CPU3.o
 .bss.prev_status_bic.9062
                0x20070cfc        0x4 src/CPU3.o
 .bss.prev_status_fdbck.9064
                0x20070d00        0x4 src/CPU3.o
 .bss.flag_1.9054
                0x20070d04        0x4 src/CPU3.o
 .bss.prev_status.9060
                0x20070d08        0x4 src/CPU3.o
 .bss.dummy_1.9053
                0x20070d0c        0x4 src/CPU3.o
 .bss.flag_1b.9055
                0x20070d10        0x4 src/CPU3.o
 .bss.dummy_1b.9056
                0x20070d14        0x4 src/CPU3.o
 .bss.gs_interrupt_sources
                0x20070d18       0x70 src/ASF/sam/drivers/pio/pio_handler.o
 .bss.heap.5286
                0x20070d88        0x4 src/ASF/sam/utils/syscalls/gcc/syscalls.o
 .bss.__malloc_max_total_mem
                0x20070d8c        0x4 c:/program files (x86)/atmel/studio/7.0/toolchain/arm/arm-gnu-toolchain/bin/../lib/gcc/arm-none-eabi/5.3.1/../../../../arm-none-eabi/lib/armv7-m\libc.a(lib_a-mallocr.o)
                0x20070d8c                __malloc_max_total_mem
 .bss.__malloc_max_sbrked_mem
                0x20070d90        0x4 c:/program files (x86)/atmel/studio/7.0/toolchain/arm/arm-gnu-toolchain/bin/../lib/gcc/arm-none-eabi/5.3.1/../../../../arm-none-eabi/lib/armv7-m\libc.a(lib_a-mallocr.o)
                0x20070d90                __malloc_max_sbrked_mem
 .bss.__malloc_top_pad
                0x20070d94        0x4 c:/program files (x86)/atmel/studio/7.0/toolchain/arm/arm-gnu-toolchain/bin/../lib/gcc/arm-none-eabi/5.3.1/../../../../arm-none-eabi/lib/armv7-m\libc.a(lib_a-mallocr.o)
                0x20070d94                __malloc_top_pad
 .bss.__malloc_current_mallinfo
                0x20070d98       0x28 c:/program files (x86)/atmel/studio/7.0/toolchain/arm/arm-gnu-toolchain/bin/../lib/gcc/arm-none-eabi/5.3.1/../../../../arm-none-eabi/lib/armv7-m\libc.a(lib_a-mallocr.o)
                0x20070d98                __malloc_current_mallinfo
 *(COMMON)
 COMMON         0x20070dc0      0x430 src/Platform/Driver/DD_CAN/D_CAN.o
                0x20070dc0                address
                0x20070dc4                flag
                0x20070dc8                temp_struct
                0x20070dcc                start_c
                0x20070dce                User_setConductivity
                0x20070dd0                flag1
                0x20070dd4                can0_mailbox
                0x20070df4                flag_buff
                0x20070df8                address_1
                0x20070dfc                can0_transceiver
                0x20070e04                flag_buff1
                0x20070e08                data_buffer
 COMMON         0x200711f0        0x8 src/Platform/Driver/HANDLER/D_HANDLER.o
                0x200711f0                time_tick
                0x200711f4                stepcount
 COMMON         0x200711f8        0x4 src/Platform/Service/STATUS/S_STUS.o
                0x200711f8                acid_f_b
                0x200711fa                bicarb_f_b
 COMMON         0x200711fc        0x4 src/ASF/common/utils/stdio/read.o
                0x200711fc                ptr_get
 COMMON         0x20071200        0x8 src/ASF/common/utils/stdio/write.o
                0x20071200                ptr_put
                0x20071204                stdio_base
 COMMON         0x20071208       0x4e src/CPU3.o
                0x20071208                cond1
                0x2007120c                cond1_c
                0x20071210                cond2_v
                0x20071214                sv_sys_statbuffer
                0x20071220                bic_rc
                0x20071222                mode
                0x20071224                sensor_status
                0x2007123c                bic_ra
                0x20071240                data_stream
                0x20071244                cond2
                0x20071248                cond1_v
                0x2007124c                cpu3_time
                0x20071250                cond2_c
                0x20071254                ra
 *fill*         0x20071256        0x2 
 COMMON         0x20071258        0x4 c:/program files (x86)/atmel/studio/7.0/toolchain/arm/arm-gnu-toolchain/bin/../lib/gcc/arm-none-eabi/5.3.1/../../../../arm-none-eabi/lib/armv7-m\libc.a(lib_a-reent.o)
                0x20071258                errno
                0x2007125c                . = ALIGN (0x4)
                0x2007125c                _ebss = .
                0x2007125c                _ezero = .

.stack          0x2007125c     0x2004 load address 0x000880c8
                0x20071260                . = ALIGN (0x8)
 *fill*         0x2007125c        0x4 
                0x20071260                _sstack = .
                0x20073260                . = (. + __stack_size__)
 *fill*         0x20071260     0x2000 
                0x20073260                . = ALIGN (0x8)
                0x20073260                _estack = .
                0x20073260                . = ALIGN (0x4)
                0x20073260                _end = .
OUTPUT(CPU3.elf elf32-littlearm)

.ARM.attributes
                0x00000000       0x29
 .ARM.attributes
                0x00000000       0x1d c:/program files (x86)/atmel/studio/7.0/toolchain/arm/arm-gnu-toolchain/bin/../lib/gcc/arm-none-eabi/5.3.1/armv7-m/crti.o
 .ARM.attributes
                0x0000001d       0x2d c:/program files (x86)/atmel/studio/7.0/toolchain/arm/arm-gnu-toolchain/bin/../lib/gcc/arm-none-eabi/5.3.1/armv7-m/crtbegin.o
 .ARM.attributes
                0x0000004a       0x33 src/Platform/Driver/CLOCK/D_CLOCK.o
 .ARM.attributes
                0x0000007d       0x33 src/Platform/Driver/DD_CAN/D_CAN.o
 .ARM.attributes
                0x000000b0       0x33 src/Platform/Driver/D_SYS/D_SYS.o
 .ARM.attributes
                0x000000e3       0x33 src/Platform/Driver/GPIO/D_GPIO.o
 .ARM.attributes
                0x00000116       0x33 src/Platform/Driver/HANDLER/D_HANDLER.o
 .ARM.attributes
                0x00000149       0x33 src/Platform/Driver/INT/D_INT.o
 .ARM.attributes
                0x0000017c       0x33 src/Platform/Driver/PWM/D_PWM.o
 .ARM.attributes
                0x000001af       0x33 src/Platform/Driver/TIMER/D_TIMER.o
 .ARM.attributes
                0x000001e2       0x33 src/Platform/Service/CNTRL/S_CNTRL.o
 .ARM.attributes
                0x00000215       0x33 src/Platform/Service/STATUS/S_STUS.o
 .ARM.attributes
                0x00000248       0x33 src/Platform/Service/SYS/S_SYS.o
 .ARM.attributes
                0x0000027b       0x33 src/Platform/Service/TIMER/S_TIMER.o
 .ARM.attributes
                0x000002ae       0x33 src/ASF/common/utils/stdio/read.o
 .ARM.attributes
                0x000002e1       0x33 src/ASF/common/utils/stdio/write.o
 .ARM.attributes
                0x00000314       0x33 src/ASF/sam/drivers/tc/tc.o
 .ARM.attributes
                0x00000347       0x33 src/ASF/sam/drivers/uart/uart.o
 .ARM.attributes
                0x0000037a       0x33 src/ASF/sam/drivers/usart/usart.o
 .ARM.attributes
                0x000003ad       0x33 src/CPU3.o
 .ARM.attributes
                0x000003e0       0x33 src/ASF/common/services/clock/sam3x/sysclk.o
 .ARM.attributes
                0x00000413       0x33 src/ASF/sam/boards/arduino_due_x/init.o
 .ARM.attributes
                0x00000446       0x33 src/ASF/sam/drivers/pio/pio.o
 .ARM.attributes
                0x00000479       0x33 src/ASF/sam/drivers/pio/pio_handler.o
 .ARM.attributes
                0x000004ac       0x33 src/ASF/sam/drivers/pmc/pmc.o
 .ARM.attributes
                0x000004df       0x33 src/ASF/sam/utils/cmsis/sam3x/source/templates/exceptions.o
 .ARM.attributes
                0x00000512       0x33 src/ASF/sam/utils/cmsis/sam3x/source/templates/gcc/startup_sam3x.o
 .ARM.attributes
                0x00000545       0x33 src/ASF/sam/utils/cmsis/sam3x/source/templates/system_sam3x.o
 .ARM.attributes
                0x00000578       0x33 src/ASF/sam/utils/syscalls/gcc/syscalls.o
 .ARM.attributes
                0x000005ab       0x1d c:/program files (x86)/atmel/studio/7.0/toolchain/arm/arm-gnu-toolchain/bin/../lib/gcc/arm-none-eabi/5.3.1/armv7-m\libgcc.a(_arm_addsubdf3.o)
 .ARM.attributes
                0x000005c8       0x1d c:/program files (x86)/atmel/studio/7.0/toolchain/arm/arm-gnu-toolchain/bin/../lib/gcc/arm-none-eabi/5.3.1/armv7-m\libgcc.a(_arm_fixunsdfsi.o)
 .ARM.attributes
                0x000005e5       0x2d c:/program files (x86)/atmel/studio/7.0/toolchain/arm/arm-gnu-toolchain/bin/../lib/gcc/arm-none-eabi/5.3.1/../../../../arm-none-eabi/lib/armv7-m\libc.a(lib_a-impure.o)
 .ARM.attributes
                0x00000612       0x2d c:/program files (x86)/atmel/studio/7.0/toolchain/arm/arm-gnu-toolchain/bin/../lib/gcc/arm-none-eabi/5.3.1/../../../../arm-none-eabi/lib/armv7-m\libc.a(lib_a-init.o)
 .ARM.attributes
                0x0000063f       0x2d c:/program files (x86)/atmel/studio/7.0/toolchain/arm/arm-gnu-toolchain/bin/../lib/gcc/arm-none-eabi/5.3.1/../../../../arm-none-eabi/lib/armv7-m\libc.a(lib_a-iprintf.o)
 .ARM.attributes
                0x0000066c       0x2d c:/program files (x86)/atmel/studio/7.0/toolchain/arm/arm-gnu-toolchain/bin/../lib/gcc/arm-none-eabi/5.3.1/../../../../arm-none-eabi/lib/armv7-m\libc.a(lib_a-memset.o)
 .ARM.attributes
                0x00000699       0x2d c:/program files (x86)/atmel/studio/7.0/toolchain/arm/arm-gnu-toolchain/bin/../lib/gcc/arm-none-eabi/5.3.1/../../../../arm-none-eabi/lib/armv7-m\libc.a(lib_a-setbuf.o)
 .ARM.attributes
                0x000006c6       0x2d c:/program files (x86)/atmel/studio/7.0/toolchain/arm/arm-gnu-toolchain/bin/../lib/gcc/arm-none-eabi/5.3.1/../../../../arm-none-eabi/lib/armv7-m\libc.a(lib_a-setvbuf.o)
 .ARM.attributes
                0x000006f3       0x2d c:/program files (x86)/atmel/studio/7.0/toolchain/arm/arm-gnu-toolchain/bin/../lib/gcc/arm-none-eabi/5.3.1/../../../../arm-none-eabi/lib/armv7-m\libc.a(lib_a-strlen-stub.o)
 .ARM.attributes
                0x00000720       0x2d c:/program files (x86)/atmel/studio/7.0/toolchain/arm/arm-gnu-toolchain/bin/../lib/gcc/arm-none-eabi/5.3.1/../../../../arm-none-eabi/lib/armv7-m\libc.a(lib_a-vfiprintf.o)
 .ARM.attributes
                0x0000074d       0x2d c:/program files (x86)/atmel/studio/7.0/toolchain/arm/arm-gnu-toolchain/bin/../lib/gcc/arm-none-eabi/5.3.1/../../../../arm-none-eabi/lib/armv7-m\libc.a(lib_a-wsetup.o)
 .ARM.attributes
                0x0000077a       0x2d c:/program files (x86)/atmel/studio/7.0/toolchain/arm/arm-gnu-toolchain/bin/../lib/gcc/arm-none-eabi/5.3.1/../../../../arm-none-eabi/lib/armv7-m\libc.a(lib_a-__call_atexit.o)
 .ARM.attributes
                0x000007a7       0x2d c:/program files (x86)/atmel/studio/7.0/toolchain/arm/arm-gnu-toolchain/bin/../lib/gcc/arm-none-eabi/5.3.1/../../../../arm-none-eabi/lib/armv7-m\libc.a(lib_a-atexit.o)
 .ARM.attributes
                0x000007d4       0x2d c:/program files (x86)/atmel/studio/7.0/toolchain/arm/arm-gnu-toolchain/bin/../lib/gcc/arm-none-eabi/5.3.1/../../../../arm-none-eabi/lib/armv7-m\libc.a(lib_a-fflush.o)
 .ARM.attributes
                0x00000801       0x2d c:/program files (x86)/atmel/studio/7.0/toolchain/arm/arm-gnu-toolchain/bin/../lib/gcc/arm-none-eabi/5.3.1/../../../../arm-none-eabi/lib/armv7-m\libc.a(lib_a-findfp.o)
 .ARM.attributes
                0x0000082e       0x2d c:/program files (x86)/atmel/studio/7.0/toolchain/arm/arm-gnu-toolchain/bin/../lib/gcc/arm-none-eabi/5.3.1/../../../../arm-none-eabi/lib/armv7-m\libc.a(lib_a-fini.o)
 .ARM.attributes
                0x0000085b       0x2d c:/program files (x86)/atmel/studio/7.0/toolchain/arm/arm-gnu-toolchain/bin/../lib/gcc/arm-none-eabi/5.3.1/../../../../arm-none-eabi/lib/armv7-m\libc.a(lib_a-fputwc.o)
 .ARM.attributes
                0x00000888       0x2d c:/program files (x86)/atmel/studio/7.0/toolchain/arm/arm-gnu-toolchain/bin/../lib/gcc/arm-none-eabi/5.3.1/../../../../arm-none-eabi/lib/armv7-m\libc.a(lib_a-freer.o)
 .ARM.attributes
                0x000008b5       0x2d c:/program files (x86)/atmel/studio/7.0/toolchain/arm/arm-gnu-toolchain/bin/../lib/gcc/arm-none-eabi/5.3.1/../../../../arm-none-eabi/lib/armv7-m\libc.a(lib_a-fvwrite.o)
 .ARM.attributes
                0x000008e2       0x2d c:/program files (x86)/atmel/studio/7.0/toolchain/arm/arm-gnu-toolchain/bin/../lib/gcc/arm-none-eabi/5.3.1/../../../../arm-none-eabi/lib/armv7-m\libc.a(lib_a-fwalk.o)
 .ARM.attributes
                0x0000090f       0x2d c:/program files (x86)/atmel/studio/7.0/toolchain/arm/arm-gnu-toolchain/bin/../lib/gcc/arm-none-eabi/5.3.1/../../../../arm-none-eabi/lib/armv7-m\libc.a(lib_a-locale.o)
 .ARM.attributes
                0x0000093c       0x2d c:/program files (x86)/atmel/studio/7.0/toolchain/arm/arm-gnu-toolchain/bin/../lib/gcc/arm-none-eabi/5.3.1/../../../../arm-none-eabi/lib/armv7-m\libc.a(lib_a-makebuf.o)
 .ARM.attributes
                0x00000969       0x2d c:/program files (x86)/atmel/studio/7.0/toolchain/arm/arm-gnu-toolchain/bin/../lib/gcc/arm-none-eabi/5.3.1/../../../../arm-none-eabi/lib/armv7-m\libc.a(lib_a-malloc.o)
 .ARM.attributes
                0x00000996       0x2d c:/program files (x86)/atmel/studio/7.0/toolchain/arm/arm-gnu-toolchain/bin/../lib/gcc/arm-none-eabi/5.3.1/../../../../arm-none-eabi/lib/armv7-m\libc.a(lib_a-mallocr.o)
 .ARM.attributes
                0x000009c3       0x2d c:/program files (x86)/atmel/studio/7.0/toolchain/arm/arm-gnu-toolchain/bin/../lib/gcc/arm-none-eabi/5.3.1/../../../../arm-none-eabi/lib/armv7-m\libc.a(lib_a-memchr-stub.o)
 .ARM.attributes
                0x000009f0       0x1b c:/program files (x86)/atmel/studio/7.0/toolchain/arm/arm-gnu-toolchain/bin/../lib/gcc/arm-none-eabi/5.3.1/../../../../arm-none-eabi/lib/armv7-m\libc.a(lib_a-memcpy.o)
 .ARM.attributes
                0x00000a0b       0x2d c:/program files (x86)/atmel/studio/7.0/toolchain/arm/arm-gnu-toolchain/bin/../lib/gcc/arm-none-eabi/5.3.1/../../../../arm-none-eabi/lib/armv7-m\libc.a(lib_a-memmove.o)
 .ARM.attributes
                0x00000a38       0x2d c:/program files (x86)/atmel/studio/7.0/toolchain/arm/arm-gnu-toolchain/bin/../lib/gcc/arm-none-eabi/5.3.1/../../../../arm-none-eabi/lib/armv7-m\libc.a(lib_a-mlock.o)
 .ARM.attributes
                0x00000a65       0x2d c:/program files (x86)/atmel/studio/7.0/toolchain/arm/arm-gnu-toolchain/bin/../lib/gcc/arm-none-eabi/5.3.1/../../../../arm-none-eabi/lib/armv7-m\libc.a(lib_a-reallocr.o)
 .ARM.attributes
                0x00000a92       0x2d c:/program files (x86)/atmel/studio/7.0/toolchain/arm/arm-gnu-toolchain/bin/../lib/gcc/arm-none-eabi/5.3.1/../../../../arm-none-eabi/lib/armv7-m\libc.a(lib_a-sbrkr.o)
 .ARM.attributes
                0x00000abf       0x2d c:/program files (x86)/atmel/studio/7.0/toolchain/arm/arm-gnu-toolchain/bin/../lib/gcc/arm-none-eabi/5.3.1/../../../../arm-none-eabi/lib/armv7-m\libc.a(lib_a-stdio.o)
 .ARM.attributes
                0x00000aec       0x2d c:/program files (x86)/atmel/studio/7.0/toolchain/arm/arm-gnu-toolchain/bin/../lib/gcc/arm-none-eabi/5.3.1/../../../../arm-none-eabi/lib/armv7-m\libc.a(lib_a-wbuf.o)
 .ARM.attributes
                0x00000b19       0x2d c:/program files (x86)/atmel/studio/7.0/toolchain/arm/arm-gnu-toolchain/bin/../lib/gcc/arm-none-eabi/5.3.1/../../../../arm-none-eabi/lib/armv7-m\libc.a(lib_a-wcrtomb.o)
 .ARM.attributes
                0x00000b46       0x2d c:/program files (x86)/atmel/studio/7.0/toolchain/arm/arm-gnu-toolchain/bin/../lib/gcc/arm-none-eabi/5.3.1/../../../../arm-none-eabi/lib/armv7-m\libc.a(lib_a-wctomb_r.o)
 .ARM.attributes
                0x00000b73       0x2d c:/program files (x86)/atmel/studio/7.0/toolchain/arm/arm-gnu-toolchain/bin/../lib/gcc/arm-none-eabi/5.3.1/../../../../arm-none-eabi/lib/armv7-m\libc.a(lib_a-writer.o)
 .ARM.attributes
                0x00000ba0       0x2d c:/program files (x86)/atmel/studio/7.0/toolchain/arm/arm-gnu-toolchain/bin/../lib/gcc/arm-none-eabi/5.3.1/../../../../arm-none-eabi/lib/armv7-m\libc.a(lib_a-__atexit.o)
 .ARM.attributes
                0x00000bcd       0x2d c:/program files (x86)/atmel/studio/7.0/toolchain/arm/arm-gnu-toolchain/bin/../lib/gcc/arm-none-eabi/5.3.1/../../../../arm-none-eabi/lib/armv7-m\libc.a(lib_a-closer.o)
 .ARM.attributes
                0x00000bfa       0x2d c:/program files (x86)/atmel/studio/7.0/toolchain/arm/arm-gnu-toolchain/bin/../lib/gcc/arm-none-eabi/5.3.1/../../../../arm-none-eabi/lib/armv7-m\libc.a(lib_a-fclose.o)
 .ARM.attributes
                0x00000c27       0x2d c:/program files (x86)/atmel/studio/7.0/toolchain/arm/arm-gnu-toolchain/bin/../lib/gcc/arm-none-eabi/5.3.1/../../../../arm-none-eabi/lib/armv7-m\libc.a(lib_a-fstatr.o)
 .ARM.attributes
                0x00000c54       0x2d c:/program files (x86)/atmel/studio/7.0/toolchain/arm/arm-gnu-toolchain/bin/../lib/gcc/arm-none-eabi/5.3.1/../../../../arm-none-eabi/lib/armv7-m\libc.a(lib_a-isattyr.o)
 .ARM.attributes
                0x00000c81       0x2d c:/program files (x86)/atmel/studio/7.0/toolchain/arm/arm-gnu-toolchain/bin/../lib/gcc/arm-none-eabi/5.3.1/../../../../arm-none-eabi/lib/armv7-m\libc.a(lib_a-lseekr.o)
 .ARM.attributes
                0x00000cae       0x2d c:/program files (x86)/atmel/studio/7.0/toolchain/arm/arm-gnu-toolchain/bin/../lib/gcc/arm-none-eabi/5.3.1/../../../../arm-none-eabi/lib/armv7-m\libc.a(lib_a-readr.o)
 .ARM.attributes
                0x00000cdb       0x2d c:/program files (x86)/atmel/studio/7.0/toolchain/arm/arm-gnu-toolchain/bin/../lib/gcc/arm-none-eabi/5.3.1/../../../../arm-none-eabi/lib/armv7-m\libc.a(lib_a-reent.o)
 .ARM.attributes
                0x00000d08       0x1d c:/program files (x86)/atmel/studio/7.0/toolchain/arm/arm-gnu-toolchain/bin/../lib/gcc/arm-none-eabi/5.3.1/armv7-m\libgcc.a(_aeabi_uldivmod.o)
 .ARM.attributes
                0x00000d25       0x2d c:/program files (x86)/atmel/studio/7.0/toolchain/arm/arm-gnu-toolchain/bin/../lib/gcc/arm-none-eabi/5.3.1/armv7-m\libgcc.a(_udivmoddi4.o)
 .ARM.attributes
                0x00000d52       0x1d c:/program files (x86)/atmel/studio/7.0/toolchain/arm/arm-gnu-toolchain/bin/../lib/gcc/arm-none-eabi/5.3.1/armv7-m\libgcc.a(_dvmd_tls.o)
 .ARM.attributes
                0x00000d6f       0x1d c:/program files (x86)/atmel/studio/7.0/toolchain/arm/arm-gnu-toolchain/bin/../lib/gcc/arm-none-eabi/5.3.1/armv7-m/crtn.o

.comment        0x00000000       0x59
 .comment       0x00000000       0x59 src/Platform/Driver/CLOCK/D_CLOCK.o
                                 0x5a (size before relaxing)
 .comment       0x00000059       0x5a src/Platform/Driver/DD_CAN/D_CAN.o
 .comment       0x00000059       0x5a src/Platform/Driver/D_SYS/D_SYS.o
 .comment       0x00000059       0x5a src/Platform/Driver/GPIO/D_GPIO.o
 .comment       0x00000059       0x5a src/Platform/Driver/HANDLER/D_HANDLER.o
 .comment       0x00000059       0x5a src/Platform/Driver/INT/D_INT.o
 .comment       0x00000059       0x5a src/Platform/Driver/PWM/D_PWM.o
 .comment       0x00000059       0x5a src/Platform/Driver/TIMER/D_TIMER.o
 .comment       0x00000059       0x5a src/Platform/Service/CNTRL/S_CNTRL.o
 .comment       0x00000059       0x5a src/Platform/Service/STATUS/S_STUS.o
 .comment       0x00000059       0x5a src/Platform/Service/SYS/S_SYS.o
 .comment       0x00000059       0x5a src/Platform/Service/TIMER/S_TIMER.o
 .comment       0x00000059       0x5a src/ASF/common/utils/stdio/read.o
 .comment       0x00000059       0x5a src/ASF/common/utils/stdio/write.o
 .comment       0x00000059       0x5a src/ASF/sam/drivers/tc/tc.o
 .comment       0x00000059       0x5a src/ASF/sam/drivers/uart/uart.o
 .comment       0x00000059       0x5a src/ASF/sam/drivers/usart/usart.o
 .comment       0x00000059       0x5a src/CPU3.o
 .comment       0x00000059       0x5a src/ASF/common/services/clock/sam3x/sysclk.o
 .comment       0x00000059       0x5a src/ASF/sam/boards/arduino_due_x/init.o
 .comment       0x00000059       0x5a src/ASF/sam/drivers/pio/pio.o
 .comment       0x00000059       0x5a src/ASF/sam/drivers/pio/pio_handler.o
 .comment       0x00000059       0x5a src/ASF/sam/drivers/pmc/pmc.o
 .comment       0x00000059       0x5a src/ASF/sam/utils/cmsis/sam3x/source/templates/exceptions.o
 .comment       0x00000059       0x5a src/ASF/sam/utils/cmsis/sam3x/source/templates/gcc/startup_sam3x.o
 .comment       0x00000059       0x5a src/ASF/sam/utils/cmsis/sam3x/source/templates/system_sam3x.o
 .comment       0x00000059       0x5a src/ASF/sam/utils/syscalls/gcc/syscalls.o

.debug_info     0x00000000    0x15ab2
 .debug_info    0x00000000      0xcfa src/Platform/Driver/CLOCK/D_CLOCK.o
 .debug_info    0x00000cfa     0x1d4f src/Platform/Driver/DD_CAN/D_CAN.o
 .debug_info    0x00002a49     0x158b src/Platform/Driver/D_SYS/D_SYS.o
 .debug_info    0x00003fd4      0xfb3 src/Platform/Driver/GPIO/D_GPIO.o
 .debug_info    0x00004f87     0x155f src/Platform/Driver/HANDLER/D_HANDLER.o
 .debug_info    0x000064e6     0x1102 src/Platform/Driver/INT/D_INT.o
 .debug_info    0x000075e8      0xfc1 src/Platform/Driver/PWM/D_PWM.o
 .debug_info    0x000085a9      0xf51 src/Platform/Driver/TIMER/D_TIMER.o
 .debug_info    0x000094fa      0xb6e src/Platform/Service/CNTRL/S_CNTRL.o
 .debug_info    0x0000a068      0xe0e src/Platform/Service/STATUS/S_STUS.o
 .debug_info    0x0000ae76      0xa5a src/Platform/Service/SYS/S_SYS.o
 .debug_info    0x0000b8d0      0xac2 src/Platform/Service/TIMER/S_TIMER.o
 .debug_info    0x0000c392      0x1ae src/ASF/common/utils/stdio/read.o
 .debug_info    0x0000c540      0x1bc src/ASF/common/utils/stdio/write.o
 .debug_info    0x0000c6fc      0x960 src/ASF/sam/drivers/tc/tc.o
 .debug_info    0x0000d05c      0x839 src/ASF/sam/drivers/uart/uart.o
 .debug_info    0x0000d895     0x18a9 src/ASF/sam/drivers/usart/usart.o
 .debug_info    0x0000f13e     0x2451 src/CPU3.o
 .debug_info    0x0001158f      0x6bf src/ASF/common/services/clock/sam3x/sysclk.o
 .debug_info    0x00011c4e      0x5ec src/ASF/sam/boards/arduino_due_x/init.o
 .debug_info    0x0001223a      0xed2 src/ASF/sam/drivers/pio/pio.o
 .debug_info    0x0001310c      0xc96 src/ASF/sam/drivers/pio/pio_handler.o
 .debug_info    0x00013da2     0x104c src/ASF/sam/drivers/pmc/pmc.o
 .debug_info    0x00014dee       0xba src/ASF/sam/utils/cmsis/sam3x/source/templates/exceptions.o
 .debug_info    0x00014ea8      0x376 src/ASF/sam/utils/cmsis/sam3x/source/templates/gcc/startup_sam3x.o
 .debug_info    0x0001521e      0x47a src/ASF/sam/utils/cmsis/sam3x/source/templates/system_sam3x.o
 .debug_info    0x00015698      0x41a src/ASF/sam/utils/syscalls/gcc/syscalls.o

.debug_abbrev   0x00000000     0x30b6
 .debug_abbrev  0x00000000      0x1ba src/Platform/Driver/CLOCK/D_CLOCK.o
 .debug_abbrev  0x000001ba      0x417 src/Platform/Driver/DD_CAN/D_CAN.o
 .debug_abbrev  0x000005d1      0x267 src/Platform/Driver/D_SYS/D_SYS.o
 .debug_abbrev  0x00000838      0x213 src/Platform/Driver/GPIO/D_GPIO.o
 .debug_abbrev  0x00000a4b      0x254 src/Platform/Driver/HANDLER/D_HANDLER.o
 .debug_abbrev  0x00000c9f      0x21c src/Platform/Driver/INT/D_INT.o
 .debug_abbrev  0x00000ebb      0x1ff src/Platform/Driver/PWM/D_PWM.o
 .debug_abbrev  0x000010ba      0x224 src/Platform/Driver/TIMER/D_TIMER.o
 .debug_abbrev  0x000012de      0x1e7 src/Platform/Service/CNTRL/S_CNTRL.o
 .debug_abbrev  0x000014c5      0x207 src/Platform/Service/STATUS/S_STUS.o
 .debug_abbrev  0x000016cc      0x1a0 src/Platform/Service/SYS/S_SYS.o
 .debug_abbrev  0x0000186c      0x1b3 src/Platform/Service/TIMER/S_TIMER.o
 .debug_abbrev  0x00001a1f       0xdd src/ASF/common/utils/stdio/read.o
 .debug_abbrev  0x00001afc       0xe6 src/ASF/common/utils/stdio/write.o
 .debug_abbrev  0x00001be2      0x158 src/ASF/sam/drivers/tc/tc.o
 .debug_abbrev  0x00001d3a      0x169 src/ASF/sam/drivers/uart/uart.o
 .debug_abbrev  0x00001ea3      0x1d6 src/ASF/sam/drivers/usart/usart.o
 .debug_abbrev  0x00002079      0x3b9 src/CPU3.o
 .debug_abbrev  0x00002432      0x1dd src/ASF/common/services/clock/sam3x/sysclk.o
 .debug_abbrev  0x0000260f      0x14e src/ASF/sam/boards/arduino_due_x/init.o
 .debug_abbrev  0x0000275d      0x1b1 src/ASF/sam/drivers/pio/pio.o
 .debug_abbrev  0x0000290e      0x21a src/ASF/sam/drivers/pio/pio_handler.o
 .debug_abbrev  0x00002b28      0x20d src/ASF/sam/drivers/pmc/pmc.o
 .debug_abbrev  0x00002d35       0x6c src/ASF/sam/utils/cmsis/sam3x/source/templates/exceptions.o
 .debug_abbrev  0x00002da1      0x100 src/ASF/sam/utils/cmsis/sam3x/source/templates/gcc/startup_sam3x.o
 .debug_abbrev  0x00002ea1       0xf5 src/ASF/sam/utils/cmsis/sam3x/source/templates/system_sam3x.o
 .debug_abbrev  0x00002f96      0x120 src/ASF/sam/utils/syscalls/gcc/syscalls.o

.debug_loc      0x00000000     0x74d6
 .debug_loc     0x00000000       0x2c src/Platform/Driver/CLOCK/D_CLOCK.o
 .debug_loc     0x0000002c      0x4da src/Platform/Driver/DD_CAN/D_CAN.o
 .debug_loc     0x00000506      0x28c src/Platform/Driver/D_SYS/D_SYS.o
 .debug_loc     0x00000792      0x140 src/Platform/Driver/GPIO/D_GPIO.o
 .debug_loc     0x000008d2      0x164 src/Platform/Driver/HANDLER/D_HANDLER.o
 .debug_loc     0x00000a36      0x19c src/Platform/Driver/INT/D_INT.o
 .debug_loc     0x00000bd2       0xfc src/Platform/Driver/PWM/D_PWM.o
 .debug_loc     0x00000cce      0x1bc src/Platform/Driver/TIMER/D_TIMER.o
 .debug_loc     0x00000e8a      0x14c src/Platform/Service/CNTRL/S_CNTRL.o
 .debug_loc     0x00000fd6       0xa0 src/Platform/Service/STATUS/S_STUS.o
 .debug_loc     0x00001076       0x2c src/Platform/Service/SYS/S_SYS.o
 .debug_loc     0x000010a2       0xa0 src/Platform/Service/TIMER/S_TIMER.o
 .debug_loc     0x00001142       0x50 src/ASF/common/utils/stdio/read.o
 .debug_loc     0x00001192       0x50 src/ASF/common/utils/stdio/write.o
 .debug_loc     0x000011e2      0x844 src/ASF/sam/drivers/tc/tc.o
 .debug_loc     0x00001a26      0x8a0 src/ASF/sam/drivers/uart/uart.o
 .debug_loc     0x000022c6     0x1e9c src/ASF/sam/drivers/usart/usart.o
 .debug_loc     0x00004162      0x58c src/CPU3.o
 .debug_loc     0x000046ee      0x4a0 src/ASF/common/services/clock/sam3x/sysclk.o
 .debug_loc     0x00004b8e       0xa8 src/ASF/sam/boards/arduino_due_x/init.o
 .debug_loc     0x00004c36      0xd6c src/ASF/sam/drivers/pio/pio.o
 .debug_loc     0x000059a2      0x360 src/ASF/sam/drivers/pio/pio_handler.o
 .debug_loc     0x00005d02     0x138c src/ASF/sam/drivers/pmc/pmc.o
 .debug_loc     0x0000708e       0x2c src/ASF/sam/utils/cmsis/sam3x/source/templates/exceptions.o
 .debug_loc     0x000070ba       0x38 src/ASF/sam/utils/cmsis/sam3x/source/templates/gcc/startup_sam3x.o
 .debug_loc     0x000070f2       0xe4 src/ASF/sam/utils/cmsis/sam3x/source/templates/system_sam3x.o
 .debug_loc     0x000071d6      0x300 src/ASF/sam/utils/syscalls/gcc/syscalls.o

.debug_aranges  0x00000000      0xda8
 .debug_aranges
                0x00000000       0x20 src/Platform/Driver/CLOCK/D_CLOCK.o
 .debug_aranges
                0x00000020       0x88 src/Platform/Driver/DD_CAN/D_CAN.o
 .debug_aranges
                0x000000a8       0x58 src/Platform/Driver/D_SYS/D_SYS.o
 .debug_aranges
                0x00000100       0x38 src/Platform/Driver/GPIO/D_GPIO.o
 .debug_aranges
                0x00000138       0x50 src/Platform/Driver/HANDLER/D_HANDLER.o
 .debug_aranges
                0x00000188       0x40 src/Platform/Driver/INT/D_INT.o
 .debug_aranges
                0x000001c8       0x30 src/Platform/Driver/PWM/D_PWM.o
 .debug_aranges
                0x000001f8       0x48 src/Platform/Driver/TIMER/D_TIMER.o
 .debug_aranges
                0x00000240       0x38 src/Platform/Service/CNTRL/S_CNTRL.o
 .debug_aranges
                0x00000278       0x28 src/Platform/Service/STATUS/S_STUS.o
 .debug_aranges
                0x000002a0       0x20 src/Platform/Service/SYS/S_SYS.o
 .debug_aranges
                0x000002c0       0x28 src/Platform/Service/TIMER/S_TIMER.o
 .debug_aranges
                0x000002e8       0x20 src/ASF/common/utils/stdio/read.o
 .debug_aranges
                0x00000308       0x20 src/ASF/common/utils/stdio/write.o
 .debug_aranges
                0x00000328       0xd0 src/ASF/sam/drivers/tc/tc.o
 .debug_aranges
                0x000003f8       0xd8 src/ASF/sam/drivers/uart/uart.o
 .debug_aranges
                0x000004d0      0x2d0 src/ASF/sam/drivers/usart/usart.o
 .debug_aranges
                0x000007a0       0xb8 src/CPU3.o
 .debug_aranges
                0x00000858       0x98 src/ASF/common/services/clock/sam3x/sysclk.o
 .debug_aranges
                0x000008f0       0x30 src/ASF/sam/boards/arduino_due_x/init.o
 .debug_aranges
                0x00000920      0x148 src/ASF/sam/drivers/pio/pio.o
 .debug_aranges
                0x00000a68       0x78 src/ASF/sam/drivers/pio/pio_handler.o
 .debug_aranges
                0x00000ae0      0x1f8 src/ASF/sam/drivers/pmc/pmc.o
 .debug_aranges
                0x00000cd8       0x20 src/ASF/sam/utils/cmsis/sam3x/source/templates/exceptions.o
 .debug_aranges
                0x00000cf8       0x20 src/ASF/sam/utils/cmsis/sam3x/source/templates/gcc/startup_sam3x.o
 .debug_aranges
                0x00000d18       0x30 src/ASF/sam/utils/cmsis/sam3x/source/templates/system_sam3x.o
 .debug_aranges
                0x00000d48       0x60 src/ASF/sam/utils/syscalls/gcc/syscalls.o

.debug_ranges   0x00000000      0xc10
 .debug_ranges  0x00000000       0x10 src/Platform/Driver/CLOCK/D_CLOCK.o
 .debug_ranges  0x00000010       0x90 src/Platform/Driver/DD_CAN/D_CAN.o
 .debug_ranges  0x000000a0       0x48 src/Platform/Driver/D_SYS/D_SYS.o
 .debug_ranges  0x000000e8       0x28 src/Platform/Driver/GPIO/D_GPIO.o
 .debug_ranges  0x00000110       0x40 src/Platform/Driver/HANDLER/D_HANDLER.o
 .debug_ranges  0x00000150       0x30 src/Platform/Driver/INT/D_INT.o
 .debug_ranges  0x00000180       0x20 src/Platform/Driver/PWM/D_PWM.o
 .debug_ranges  0x000001a0       0x38 src/Platform/Driver/TIMER/D_TIMER.o
 .debug_ranges  0x000001d8       0x28 src/Platform/Service/CNTRL/S_CNTRL.o
 .debug_ranges  0x00000200       0x18 src/Platform/Service/STATUS/S_STUS.o
 .debug_ranges  0x00000218       0x10 src/Platform/Service/SYS/S_SYS.o
 .debug_ranges  0x00000228       0x18 src/Platform/Service/TIMER/S_TIMER.o
 .debug_ranges  0x00000240       0x10 src/ASF/common/utils/stdio/read.o
 .debug_ranges  0x00000250       0x10 src/ASF/common/utils/stdio/write.o
 .debug_ranges  0x00000260       0xc0 src/ASF/sam/drivers/tc/tc.o
 .debug_ranges  0x00000320       0xc8 src/ASF/sam/drivers/uart/uart.o
 .debug_ranges  0x000003e8      0x2c0 src/ASF/sam/drivers/usart/usart.o
 .debug_ranges  0x000006a8       0xa8 src/CPU3.o
 .debug_ranges  0x00000750       0x88 src/ASF/common/services/clock/sam3x/sysclk.o
 .debug_ranges  0x000007d8       0x20 src/ASF/sam/boards/arduino_due_x/init.o
 .debug_ranges  0x000007f8      0x138 src/ASF/sam/drivers/pio/pio.o
 .debug_ranges  0x00000930       0x68 src/ASF/sam/drivers/pio/pio_handler.o
 .debug_ranges  0x00000998      0x1e8 src/ASF/sam/drivers/pmc/pmc.o
 .debug_ranges  0x00000b80       0x10 src/ASF/sam/utils/cmsis/sam3x/source/templates/exceptions.o
 .debug_ranges  0x00000b90       0x10 src/ASF/sam/utils/cmsis/sam3x/source/templates/gcc/startup_sam3x.o
 .debug_ranges  0x00000ba0       0x20 src/ASF/sam/utils/cmsis/sam3x/source/templates/system_sam3x.o
 .debug_ranges  0x00000bc0       0x50 src/ASF/sam/utils/syscalls/gcc/syscalls.o

.debug_macro    0x00000000     0xa3e6
 .debug_macro   0x00000000      0x687 src/Platform/Driver/CLOCK/D_CLOCK.o
 .debug_macro   0x00000687      0x6da src/Platform/Driver/DD_CAN/D_CAN.o
 .debug_macro   0x00000d61       0x94 src/Platform/Driver/DD_CAN/D_CAN.o
 .debug_macro   0x00000df5      0x702 src/Platform/Driver/D_SYS/D_SYS.o
 .debug_macro   0x000014f7       0x4c src/Platform/Driver/D_SYS/D_SYS.o
 .debug_macro   0x00001543       0x9a src/Platform/Driver/D_SYS/D_SYS.o
 .debug_macro   0x000015dd      0x68c src/Platform/Driver/GPIO/D_GPIO.o
 .debug_macro   0x00001c69       0x46 src/Platform/Driver/GPIO/D_GPIO.o
 .debug_macro   0x00001caf      0x6a8 src/Platform/Driver/HANDLER/D_HANDLER.o
 .debug_macro   0x00002357      0x68d src/Platform/Driver/INT/D_INT.o
 .debug_macro   0x000029e4      0x687 src/Platform/Driver/PWM/D_PWM.o
 .debug_macro   0x0000306b      0x687 src/Platform/Driver/TIMER/D_TIMER.o
 .debug_macro   0x000036f2      0x70e src/Platform/Service/CNTRL/S_CNTRL.o
 .debug_macro   0x00003e00      0x714 src/Platform/Service/STATUS/S_STUS.o
 .debug_macro   0x00004514      0x719 src/Platform/Service/SYS/S_SYS.o
 .debug_macro   0x00004c2d      0x70e src/Platform/Service/TIMER/S_TIMER.o
 .debug_macro   0x0000533b      0x529 src/ASF/common/utils/stdio/read.o
 .debug_macro   0x00005864      0x529 src/ASF/common/utils/stdio/write.o
 .debug_macro   0x00005d8d      0x544 src/ASF/sam/drivers/tc/tc.o
 .debug_macro   0x000062d1       0x4c src/ASF/sam/drivers/tc/tc.o
 .debug_macro   0x0000631d       0x8d src/ASF/sam/drivers/tc/tc.o
 .debug_macro   0x000063aa       0x16 src/ASF/sam/drivers/tc/tc.o
 .debug_macro   0x000063c0       0x4a src/ASF/sam/drivers/tc/tc.o
 .debug_macro   0x0000640a       0x1c src/ASF/sam/drivers/tc/tc.o
 .debug_macro   0x00006426      0x545 src/ASF/sam/drivers/uart/uart.o
 .debug_macro   0x0000696b      0x574 src/ASF/sam/drivers/usart/usart.o
 .debug_macro   0x00006edf       0x28 src/ASF/sam/drivers/usart/usart.o
 .debug_macro   0x00006f07      0x747 src/CPU3.o
 .debug_macro   0x0000764e       0x16 src/CPU3.o
 .debug_macro   0x00007664      0x5a9 src/ASF/common/services/clock/sam3x/sysclk.o
 .debug_macro   0x00007c0d      0x1dd src/ASF/common/services/clock/sam3x/sysclk.o
 .debug_macro   0x00007dea      0x5ec src/ASF/sam/boards/arduino_due_x/init.o
 .debug_macro   0x000083d6      0x545 src/ASF/sam/drivers/pio/pio.o
 .debug_macro   0x0000891b       0x8e src/ASF/sam/drivers/pio/pio.o
 .debug_macro   0x000089a9      0x552 src/ASF/sam/drivers/pio/pio_handler.o
 .debug_macro   0x00008efb      0x53e src/ASF/sam/drivers/pmc/pmc.o
 .debug_macro   0x00009439       0x52 src/ASF/sam/drivers/pmc/pmc.o
 .debug_macro   0x0000948b      0x35b src/ASF/sam/utils/cmsis/sam3x/source/templates/exceptions.o
 .debug_macro   0x000097e6      0x369 src/ASF/sam/utils/cmsis/sam3x/source/templates/gcc/startup_sam3x.o
 .debug_macro   0x00009b4f      0x36d src/ASF/sam/utils/cmsis/sam3x/source/templates/system_sam3x.o
 .debug_macro   0x00009ebc       0x26 src/ASF/sam/utils/cmsis/sam3x/source/templates/system_sam3x.o
 .debug_macro   0x00009ee2      0x19c src/ASF/sam/utils/syscalls/gcc/syscalls.o
 .debug_macro   0x0000a07e       0x97 src/ASF/sam/utils/syscalls/gcc/syscalls.o
 .debug_macro   0x0000a115       0xf6 src/ASF/sam/utils/syscalls/gcc/syscalls.o
 .debug_macro   0x0000a20b       0x52 src/ASF/sam/utils/syscalls/gcc/syscalls.o
 .debug_macro   0x0000a25d       0x16 src/ASF/sam/utils/syscalls/gcc/syscalls.o
 .debug_macro   0x0000a273       0x10 src/ASF/sam/utils/syscalls/gcc/syscalls.o
 .debug_macro   0x0000a283       0x41 src/ASF/sam/utils/syscalls/gcc/syscalls.o
 .debug_macro   0x0000a2c4      0x122 src/ASF/sam/utils/syscalls/gcc/syscalls.o

.debug_line     0x00000000    0x18011
 .debug_line    0x00000000      0xf03 src/Platform/Driver/CLOCK/D_CLOCK.o
 .debug_line    0x00000f03     0x1115 src/Platform/Driver/DD_CAN/D_CAN.o
 .debug_line    0x00002018     0x11b4 src/Platform/Driver/D_SYS/D_SYS.o
 .debug_line    0x000031cc      0xf75 src/Platform/Driver/GPIO/D_GPIO.o
 .debug_line    0x00004141     0x1029 src/Platform/Driver/HANDLER/D_HANDLER.o
 .debug_line    0x0000516a      0xf64 src/Platform/Driver/INT/D_INT.o
 .debug_line    0x000060ce      0xf26 src/Platform/Driver/PWM/D_PWM.o
 .debug_line    0x00006ff4      0xf87 src/Platform/Driver/TIMER/D_TIMER.o
 .debug_line    0x00007f7b     0x111c src/Platform/Service/CNTRL/S_CNTRL.o
 .debug_line    0x00009097     0x1112 src/Platform/Service/STATUS/S_STUS.o
 .debug_line    0x0000a1a9     0x1110 src/Platform/Service/SYS/S_SYS.o
 .debug_line    0x0000b2b9     0x10f9 src/Platform/Service/TIMER/S_TIMER.o
 .debug_line    0x0000c3b2      0xb1f src/ASF/common/utils/stdio/read.o
 .debug_line    0x0000ced1      0xb1c src/ASF/common/utils/stdio/write.o
 .debug_line    0x0000d9ed      0xcc1 src/ASF/sam/drivers/tc/tc.o
 .debug_line    0x0000e6ae      0xcc1 src/ASF/sam/drivers/uart/uart.o
 .debug_line    0x0000f36f     0x125a src/ASF/sam/drivers/usart/usart.o
 .debug_line    0x000105c9     0x14d6 src/CPU3.o
 .debug_line    0x00011a9f      0xda3 src/ASF/common/services/clock/sam3x/sysclk.o
 .debug_line    0x00012842      0xd4d src/ASF/sam/boards/arduino_due_x/init.o
 .debug_line    0x0001358f      0xe40 src/ASF/sam/drivers/pio/pio.o
 .debug_line    0x000143cf      0xc2c src/ASF/sam/drivers/pio/pio_handler.o
 .debug_line    0x00014ffb     0x10de src/ASF/sam/drivers/pmc/pmc.o
 .debug_line    0x000160d9      0x8c9 src/ASF/sam/utils/cmsis/sam3x/source/templates/exceptions.o
 .debug_line    0x000169a2      0x91c src/ASF/sam/utils/cmsis/sam3x/source/templates/gcc/startup_sam3x.o
 .debug_line    0x000172be      0x978 src/ASF/sam/utils/cmsis/sam3x/source/templates/system_sam3x.o
 .debug_line    0x00017c36      0x3db src/ASF/sam/utils/syscalls/gcc/syscalls.o

.debug_str      0x00000000    0x627f5
 .debug_str     0x00000000    0x5d9a4 src/Platform/Driver/CLOCK/D_CLOCK.o
                              0x5dd3f (size before relaxing)
 .debug_str     0x0005d9a4      0xfa8 src/Platform/Driver/DD_CAN/D_CAN.o
                              0x5ec49 (size before relaxing)
 .debug_str     0x0005e94c      0x707 src/Platform/Driver/D_SYS/D_SYS.o
                              0x5e7e0 (size before relaxing)
 .debug_str     0x0005f053       0x6d src/Platform/Driver/GPIO/D_GPIO.o
                              0x5e05f (size before relaxing)
 .debug_str     0x0005f0c0      0x1a5 src/Platform/Driver/HANDLER/D_HANDLER.o
                              0x5e2d8 (size before relaxing)
 .debug_str     0x0005f265      0x175 src/Platform/Driver/INT/D_INT.o
                              0x5e015 (size before relaxing)
 .debug_str     0x0005f3da       0xaa src/Platform/Driver/PWM/D_PWM.o
                              0x5deb7 (size before relaxing)
 .debug_str     0x0005f484       0x7a src/Platform/Driver/TIMER/D_TIMER.o
                              0x5df4f (size before relaxing)
 .debug_str     0x0005f4fe       0xb9 src/Platform/Service/CNTRL/S_CNTRL.o
                              0x5e11a (size before relaxing)
 .debug_str     0x0005f5b7      0x392 src/Platform/Service/STATUS/S_STUS.o
                              0x5e4c0 (size before relaxing)
 .debug_str     0x0005f949       0x4d src/Platform/Service/SYS/S_SYS.o
                              0x5e032 (size before relaxing)
 .debug_str     0x0005f996       0x4d src/Platform/Service/TIMER/S_TIMER.o
                              0x5e063 (size before relaxing)
 .debug_str     0x0005f9e3       0x2c src/ASF/common/utils/stdio/read.o
                              0x59388 (size before relaxing)
 .debug_str     0x0005fa0f       0x26 src/ASF/common/utils/stdio/write.o
                              0x5938a (size before relaxing)
 .debug_str     0x0005fa35      0x322 src/ASF/sam/drivers/tc/tc.o
                              0x59730 (size before relaxing)
 .debug_str     0x0005fd57      0x2bd src/ASF/sam/drivers/uart/uart.o
                              0x59710 (size before relaxing)
 .debug_str     0x00060014      0xaff src/ASF/sam/drivers/usart/usart.o
                              0x59fe9 (size before relaxing)
 .debug_str     0x00060b13      0x585 src/CPU3.o
                              0x5f28f (size before relaxing)
 .debug_str     0x00061098      0x160 src/ASF/common/services/clock/sam3x/sysclk.o
                              0x5d01c (size before relaxing)
 .debug_str     0x000611f8       0x5c src/ASF/sam/boards/arduino_due_x/init.o
                              0x5d7d6 (size before relaxing)
 .debug_str     0x00061254      0x406 src/ASF/sam/drivers/pio/pio.o
                              0x59d2c (size before relaxing)
 .debug_str     0x0006165a      0x12d src/ASF/sam/drivers/pio/pio_handler.o